#
# There is insufficient memory for the Java Runtime Environment to continue.
# Native memory allocation (malloc) failed to allocate 1389008 bytes for Chunk::new
# Possible reasons:
#   The system is out of physical RAM or swap space
#   The process is running with CompressedOops enabled, and the Java Heap may be blocking the growth of the native heap
# Possible solutions:
#   Reduce memory load on the system
#   Increase physical memory or swap space
#   Check if swap backing store is full
#   Decrease Java heap size (-Xmx/-Xms)
#   Decrease number of Java threads
#   Decrease Java thread stack sizes (-Xss)
#   Set larger code cache with -XX:ReservedCodeCacheSize=
#   JVM is running with Unscaled Compressed Oops mode in which the Java heap is
#     placed in the first 4GB address space. The Java Heap base address is the
#     maximum limit for the native heap growth. Please use -XX:HeapBaseMinAddress
#     to set the Java Heap base and to place the Java Heap above 4GB virtual address.
# This output file may be truncated or incomplete.
#
#  Out of Memory Error (arena.cpp:168), pid=22916, tid=15836
#
# JRE version: Java(TM) SE Runtime Environment (21.0.2+13) (build 21.0.2+13-LTS-58)
# Java VM: Java HotSpot(TM) 64-Bit Server VM (21.0.2+13-LTS-58, mixed mode, sharing, tiered, compressed oops, compressed class ptrs, g1 gc, windows-amd64)
# No core dump will be written. Minidumps are not enabled by default on client versions of Windows
#

---------------  S U M M A R Y ------------

Command Line: --add-opens=java.base/java.lang=ALL-UNNAMED --add-opens=java.base/java.lang.invoke=ALL-UNNAMED --add-opens=java.base/java.util=ALL-UNNAMED --add-opens=java.prefs/java.util.prefs=ALL-UNNAMED --add-exports=jdk.compiler/com.sun.tools.javac.api=ALL-UNNAMED --add-exports=jdk.compiler/com.sun.tools.javac.util=ALL-UNNAMED --add-opens=java.base/java.util=ALL-UNNAMED --add-opens=java.prefs/java.util.prefs=ALL-UNNAMED --add-opens=java.base/java.nio.charset=ALL-UNNAMED --add-opens=java.base/java.net=ALL-UNNAMED --add-opens=java.base/java.util.concurrent=ALL-UNNAMED --add-opens=java.base/java.util.concurrent.atomic=ALL-UNNAMED --add-opens=java.xml/javax.xml.namespace=ALL-UNNAMED --add-opens=java.base/java.time=ALL-UNNAMED -XX:MaxMetaspaceSize=384m -XX:+HeapDumpOnOutOfMemoryError -Xms256m -Xmx512m -Dfile.encoding=UTF-8 -Duser.country=KR -Duser.language=ko -Duser.variant -javaagent:C:\Users\tedtid\.gradle\wrapper\dists\gradle-9.2.1-bin\2t0n5ozlw9xmuyvbp7dnzaxug\gradle-9.2.1\lib\agents\gradle-instrumentation-agent-9.2.1.jar org.gradle.launcher.daemon.bootstrap.GradleDaemon 9.2.1

Host: AMD Ryzen 7 PRO 4750U with Radeon Graphics, 16 cores, 15G,  Windows 10 , 64 bit Build 19041 (10.0.19041.5915)
Time: Mon Dec  1 03:46:36 2025  Windows 10 , 64 bit Build 19041 (10.0.19041.5915) elapsed time: 4.693845 seconds (0d 0h 0m 4s)

---------------  T H R E A D  ---------------

Current thread (0x00000160a16c03b0):  JavaThread "C2 CompilerThread0" daemon [_thread_in_native, id=15836, stack(0x0000002342300000,0x0000002342400000) (1024K)]


Current CompileTask:
C2:   4693 4585       4       jdk.internal.jimage.ImageLocation::getFullName (109 bytes)

Stack: [0x0000002342300000,0x0000002342400000]
Native frames: (J=compiled Java code, j=interpreted, Vv=VM code, C=native code)
V  [jvm.dll+0x6cade9]
V  [jvm.dll+0x8569c1]
V  [jvm.dll+0x858d2e]
V  [jvm.dll+0x859413]
V  [jvm.dll+0x280e56]
V  [jvm.dll+0xc3f3d]
V  [jvm.dll+0xc4473]
V  [jvm.dll+0x3b5c2c]
V  [jvm.dll+0x382855]
V  [jvm.dll+0x381cca]
V  [jvm.dll+0x249bd0]
V  [jvm.dll+0x2491b1]
V  [jvm.dll+0x1c9634]
V  [jvm.dll+0x258859]
V  [jvm.dll+0x256e3a]
V  [jvm.dll+0x3ef6c6]
V  [jvm.dll+0x7ff568]
V  [jvm.dll+0x6c953d]
C  [ucrtbase.dll+0x21bb2]
C  [KERNEL32.DLL+0x17374]
C  [ntdll.dll+0x4cc91]


---------------  P R O C E S S  ---------------

Threads class SMR info:
_java_thread_list=0x00000160c0612310, length=39, elements={
0x0000016084001cd0, 0x00000160a1610a40, 0x00000160a1611760, 0x00000160a1612480,
0x00000160a1614100, 0x00000160a1615170, 0x00000160a161e480, 0x00000160a16c03b0,
0x00000160a16c1260, 0x00000160a17d3090, 0x00000160a17ddf50, 0x00000160a17e2610,
0x00000160a17e2cc0, 0x00000160a1820b40, 0x00000160a19da260, 0x00000160bcb23150,
0x00000160bca09f10, 0x00000160bcad7320, 0x00000160bcaaa900, 0x00000160bcaac350,
0x00000160bcaa32f0, 0x00000160bca89ed0, 0x00000160bcbd1410, 0x00000160bcbd0d80,
0x00000160bcbd1aa0, 0x00000160bcbd2130, 0x00000160bcbd27c0, 0x00000160bcbd2e50,
0x00000160bf2eedc0, 0x00000160bf2f35f0, 0x00000160bf2f2240, 0x00000160bf2f2f60,
0x00000160bf2f0800, 0x00000160bf2f28d0, 0x00000160bf2eda10, 0x00000160bf2f1bb0,
0x00000160bf129370, 0x00000160a1980c20, 0x00000160bda0c250
}

Java Threads: ( => current thread )
  0x0000016084001cd0 JavaThread "main"                              [_thread_blocked, id=23656, stack(0x0000002341500000,0x0000002341600000) (1024K)]
  0x00000160a1610a40 JavaThread "Reference Handler"          daemon [_thread_blocked, id=10344, stack(0x0000002341d00000,0x0000002341e00000) (1024K)]
  0x00000160a1611760 JavaThread "Finalizer"                  daemon [_thread_blocked, id=6004, stack(0x0000002341e00000,0x0000002341f00000) (1024K)]
  0x00000160a1612480 JavaThread "Signal Dispatcher"          daemon [_thread_blocked, id=9280, stack(0x0000002341f00000,0x0000002342000000) (1024K)]
  0x00000160a1614100 JavaThread "Attach Listener"            daemon [_thread_blocked, id=31328, stack(0x0000002342000000,0x0000002342100000) (1024K)]
  0x00000160a1615170 JavaThread "Service Thread"             daemon [_thread_blocked, id=31844, stack(0x0000002342100000,0x0000002342200000) (1024K)]
  0x00000160a161e480 JavaThread "Monitor Deflation Thread"   daemon [_thread_blocked, id=28508, stack(0x0000002342200000,0x0000002342300000) (1024K)]
=>0x00000160a16c03b0 JavaThread "C2 CompilerThread0"         daemon [_thread_in_native, id=15836, stack(0x0000002342300000,0x0000002342400000) (1024K)]
  0x00000160a16c1260 JavaThread "C1 CompilerThread0"         daemon [_thread_blocked, id=20296, stack(0x0000002342400000,0x0000002342500000) (1024K)]
  0x00000160a17d3090 JavaThread "Common-Cleaner"             daemon [_thread_blocked, id=32576, stack(0x0000002342500000,0x0000002342600000) (1024K)]
  0x00000160a17ddf50 JavaThread "C1 CompilerThread1"         daemon [_thread_blocked, id=29492, stack(0x0000002342600000,0x0000002342700000) (1024K)]
  0x00000160a17e2610 JavaThread "C1 CompilerThread2"         daemon [_thread_blocked, id=32464, stack(0x0000002342700000,0x0000002342800000) (1024K)]
  0x00000160a17e2cc0 JavaThread "C1 CompilerThread3"         daemon [_thread_blocked, id=2628, stack(0x0000002342800000,0x0000002342900000) (1024K)]
  0x00000160a1820b40 JavaThread "C2 CompilerThread1"         daemon [_thread_in_native, id=32400, stack(0x0000002342900000,0x0000002342a00000) (1024K)]
  0x00000160a19da260 JavaThread "Notification Thread"        daemon [_thread_blocked, id=5176, stack(0x0000002342a00000,0x0000002342b00000) (1024K)]
  0x00000160bcb23150 JavaThread "Daemon health stats"               [_thread_blocked, id=28276, stack(0x0000002343100000,0x0000002343200000) (1024K)]
  0x00000160bca09f10 JavaThread "Incoming local TCP Connector on port 54818"        [_thread_in_native, id=25288, stack(0x0000002343200000,0x0000002343300000) (1024K)]
  0x00000160bcad7320 JavaThread "Daemon periodic checks"            [_thread_blocked, id=2820, stack(0x0000002343300000,0x0000002343400000) (1024K)]
  0x00000160bcaaa900 JavaThread "Daemon"                            [_thread_blocked, id=31600, stack(0x0000002343400000,0x0000002343500000) (1024K)]
  0x00000160bcaac350 JavaThread "Handler for socket connection from /127.0.0.1:54818 to /127.0.0.1:54819"        [_thread_in_native, id=20108, stack(0x0000002343500000,0x0000002343600000) (1024K)]
  0x00000160bcaa32f0 JavaThread "Cancel handler"                    [_thread_blocked, id=31936, stack(0x0000002343600000,0x0000002343700000) (1024K)]
  0x00000160bca89ed0 JavaThread "Daemon worker"                     [_thread_in_Java, id=25416, stack(0x0000002343700000,0x0000002343800000) (1024K)]
  0x00000160bcbd1410 JavaThread "Asynchronous log dispatcher for DefaultDaemonConnection: socket connection from /127.0.0.1:54818 to /127.0.0.1:54819"        [_thread_blocked, id=27384, stack(0x0000002343800000,0x0000002343900000) (1024K)]
  0x00000160bcbd0d80 JavaThread "Stdin handler"                     [_thread_blocked, id=28788, stack(0x0000002343900000,0x0000002343a00000) (1024K)]
  0x00000160bcbd1aa0 JavaThread "Daemon client event forwarder"        [_thread_blocked, id=30968, stack(0x0000002343a00000,0x0000002343b00000) (1024K)]
  0x00000160bcbd2130 JavaThread "Cache worker for journal cache (C:\Users\tedtid\.gradle\caches\journal-1)"        [_thread_blocked, id=15308, stack(0x0000002343b00000,0x0000002343c00000) (1024K)]
  0x00000160bcbd27c0 JavaThread "File lock request listener"        [_thread_in_native, id=30776, stack(0x0000002343c00000,0x0000002343d00000) (1024K)]
  0x00000160bcbd2e50 JavaThread "Cache worker for file hash cache (C:\Users\tedtid\.gradle\caches\9.2.1\fileHashes)"        [_thread_blocked, id=26000, stack(0x0000002343d00000,0x0000002343e00000) (1024K)]
  0x00000160bf2eedc0 JavaThread "Cache worker for file hash cache (C:\Users\tedtid\Desktop\cow_planMate\프레임워크 데모\sharedsync-demo\.gradle\9.2.1\fileHashes)"        [_thread_blocked, id=13016, stack(0x0000002344700000,0x0000002344800000) (1024K)]
  0x00000160bf2f35f0 JavaThread "Cache worker for Build Output Cleanup Cache (C:\Users\tedtid\Desktop\cow_planMate\프레임워크 데모\sharedsync-demo\.gradle\buildOutputCleanup)"        [_thread_blocked, id=24172, stack(0x0000002344800000,0x0000002344900000) (1024K)]
  0x00000160bf2f2240 JavaThread "File watcher server"        daemon [_thread_in_native, id=29092, stack(0x0000002344900000,0x0000002344a00000) (1024K)]
  0x00000160bf2f2f60 JavaThread "File watcher consumer"      daemon [_thread_blocked, id=26564, stack(0x0000002344a00000,0x0000002344b00000) (1024K)]
  0x00000160bf2f0800 JavaThread "Cache worker for checksums cache (C:\Users\tedtid\Desktop\cow_planMate\프레임워크 데모\sharedsync-demo\.gradle\9.2.1\checksums)"        [_thread_blocked, id=30372, stack(0x0000002343000000,0x0000002343100000) (1024K)]
  0x00000160bf2f28d0 JavaThread "Cache worker for file content cache (C:\Users\tedtid\.gradle\caches\9.2.1\fileContent)"        [_thread_blocked, id=14276, stack(0x0000002344b00000,0x0000002344c00000) (1024K)]
  0x00000160bf2eda10 JavaThread "Cache worker for cache directory md-supplier (C:\Users\tedtid\.gradle\caches\9.2.1\md-supplier)"        [_thread_blocked, id=20496, stack(0x0000002344c00000,0x0000002344d00000) (1024K)]
  0x00000160bf2f1bb0 JavaThread "Cache worker for cache directory md-rule (C:\Users\tedtid\.gradle\caches\9.2.1\md-rule)"        [_thread_blocked, id=30980, stack(0x0000002344d00000,0x0000002344e00000) (1024K)]
  0x00000160bf129370 JavaThread "C2 CompilerThread2"         daemon [_thread_in_native, id=30588, stack(0x0000002344e00000,0x0000002344f00000) (1024K)]
  0x00000160a1980c20 JavaThread "C2 CompilerThread3"         daemon [_thread_in_native, id=31972, stack(0x0000002344f00000,0x0000002345000000) (1024K)]
  0x00000160bda0c250 JavaThread "C2 CompilerThread4"         daemon [_thread_in_native, id=21312, stack(0x0000002345000000,0x0000002345100000) (1024K)]
Total: 39

Other Threads:
  0x00000160a15f0b50 VMThread "VM Thread"                           [id=4604, stack(0x0000002341c00000,0x0000002341d00000) (1024K)]
  0x00000160a15d61c0 WatcherThread "VM Periodic Task Thread"        [id=21100, stack(0x0000002341b00000,0x0000002341c00000) (1024K)]
  0x000001608402e310 WorkerThread "GC Thread#0"                     [id=27560, stack(0x0000002341600000,0x0000002341700000) (1024K)]
  0x00000160a19fdf40 WorkerThread "GC Thread#1"                     [id=27496, stack(0x0000002342b00000,0x0000002342c00000) (1024K)]
  0x00000160a19e3100 WorkerThread "GC Thread#2"                     [id=32012, stack(0x0000002342c00000,0x0000002342d00000) (1024K)]
  0x00000160bb072de0 WorkerThread "GC Thread#3"                     [id=32572, stack(0x0000002342d00000,0x0000002342e00000) (1024K)]
  0x00000160bb197ec0 WorkerThread "GC Thread#4"                     [id=24436, stack(0x0000002342e00000,0x0000002342f00000) (1024K)]
  0x00000160bb0b69f0 WorkerThread "GC Thread#5"                     [id=31732, stack(0x0000002342f00000,0x0000002343000000) (1024K)]
  0x00000160bf71fd30 WorkerThread "GC Thread#6"                     [id=23696, stack(0x0000002343e00000,0x0000002343f00000) (1024K)]
  0x00000160bf7212f0 WorkerThread "GC Thread#7"                     [id=16592, stack(0x0000002343f00000,0x0000002344000000) (1024K)]
  0x00000160bf7200d0 WorkerThread "GC Thread#8"                     [id=26812, stack(0x0000002344000000,0x0000002344100000) (1024K)]
  0x00000160bf720470 WorkerThread "GC Thread#9"                     [id=30468, stack(0x0000002344100000,0x0000002344200000) (1024K)]
  0x00000160bf71f990 WorkerThread "GC Thread#10"                    [id=27204, stack(0x0000002344200000,0x0000002344300000) (1024K)]
  0x00000160bf720810 WorkerThread "GC Thread#11"                    [id=12936, stack(0x0000002344300000,0x0000002344400000) (1024K)]
  0x00000160bf720bb0 WorkerThread "GC Thread#12"                    [id=15688, stack(0x0000002344400000,0x0000002344500000) (1024K)]
  0x0000016084033100 ConcurrentGCThread "G1 Main Marker"            [id=32040, stack(0x0000002341700000,0x0000002341800000) (1024K)]
  0x0000016084033a10 WorkerThread "G1 Conc#0"                       [id=26212, stack(0x0000002341800000,0x0000002341900000) (1024K)]
  0x00000160bf720f50 WorkerThread "G1 Conc#1"                       [id=32744, stack(0x0000002344500000,0x0000002344600000) (1024K)]
  0x00000160bf1cde70 WorkerThread "G1 Conc#2"                       [id=25856, stack(0x0000002344600000,0x0000002344700000) (1024K)]
  0x00000160a14a95a0 ConcurrentGCThread "G1 Refine#0"               [id=1680, stack(0x0000002341900000,0x0000002341a00000) (1024K)]
  0x00000160a14a9f20 ConcurrentGCThread "G1 Service"                [id=7020, stack(0x0000002341a00000,0x0000002341b00000) (1024K)]
Total: 21

Threads with active compile tasks:
C2 CompilerThread0     4732 4585       4       jdk.internal.jimage.ImageLocation::getFullName (109 bytes)
C2 CompilerThread1     4732 4643   !   4       java.net.URLClassLoader::findClass (47 bytes)
C2 CompilerThread2     4732 4587       4       java.util.regex.Pattern::split (325 bytes)
C2 CompilerThread3     4732 4638   !   4       java.lang.ClassLoader::loadClass (121 bytes)
C2 CompilerThread4     4732 4589       4       java.lang.String::split (148 bytes)
Total: 5

VM state: not at safepoint (normal execution)

VM Mutex/Monitor currently owned by a thread: None

Heap address: 0x00000000e0000000, size: 512 MB, Compressed Oops mode: 32-bit

CDS archive(s) mapped at: [0x00000160a2000000-0x00000160a2c90000-0x00000160a2c90000), size 13172736, SharedBaseAddress: 0x00000160a2000000, ArchiveRelocationMode: 1.
Compressed class space mapped at: 0x00000160a3000000-0x00000160b7000000, reserved size: 335544320
Narrow klass base: 0x00000160a2000000, Narrow klass shift: 0, Narrow klass range: 0x100000000

GC Precious Log:
 CardTable entry size: 512
 Card Set container configuration: InlinePtr #cards 5 size 8 Array Of Cards #cards 12 size 40 Howl #buckets 4 coarsen threshold 1843 Howl Bitmap #cards 512 size 80 coarsen threshold 460 Card regions per heap region 1 cards per card region 2048
 CPUs: 16 total, 16 available
 Memory: 15591M
 Large Page Support: Disabled
 NUMA Support: Disabled
 Compressed Oops: Enabled (32-bit)
 Heap Region Size: 1M
 Heap Min Capacity: 256M
 Heap Initial Capacity: 256M
 Heap Max Capacity: 512M
 Pre-touch: Disabled
 Parallel Workers: 13
 Concurrent Workers: 3
 Concurrent Refinement Workers: 13
 Periodic GC: Disabled

Heap:
 garbage-first heap   total 262144K, used 74248K [0x00000000e0000000, 0x0000000100000000)
  region size 1024K, 50 young (51200K), 7 survivors (7168K)
 Metaspace       used 39029K, committed 40384K, reserved 393216K
  class space    used 5606K, committed 6272K, reserved 327680K

Heap Regions: E=young(eden), S=young(survivor), O=old, HS=humongous(starts), HC=humongous(continues), CS=collection set, F=free, TAMS=top-at-mark-start, PB=parsable bottom
|   0|0x00000000e0000000, 0x00000000e0100000, 0x00000000e0100000|100%|HS|  |TAMS 0x00000000e0000000| PB 0x00000000e0000000| Complete 
|   1|0x00000000e0100000, 0x00000000e0200000, 0x00000000e0200000|100%|HC|  |TAMS 0x00000000e0100000| PB 0x00000000e0100000| Complete 
|   2|0x00000000e0200000, 0x00000000e0300000, 0x00000000e0300000|100%|HC|  |TAMS 0x00000000e0200000| PB 0x00000000e0200000| Complete 
|   3|0x00000000e0300000, 0x00000000e0400000, 0x00000000e0400000|100%|HC|  |TAMS 0x00000000e0300000| PB 0x00000000e0300000| Complete 
|   4|0x00000000e0400000, 0x00000000e0500000, 0x00000000e0500000|100%| O|  |TAMS 0x00000000e0400000| PB 0x00000000e0400000| Untracked 
|   5|0x00000000e0500000, 0x00000000e0600000, 0x00000000e0600000|100%| O|  |TAMS 0x00000000e0500000| PB 0x00000000e0500000| Untracked 
|   6|0x00000000e0600000, 0x00000000e0700000, 0x00000000e0700000|100%| O|  |TAMS 0x00000000e0600000| PB 0x00000000e0600000| Untracked 
|   7|0x00000000e0700000, 0x00000000e0800000, 0x00000000e0800000|100%|HS|  |TAMS 0x00000000e0700000| PB 0x00000000e0700000| Complete 
|   8|0x00000000e0800000, 0x00000000e0900000, 0x00000000e0900000|100%| O|  |TAMS 0x00000000e0800000| PB 0x00000000e0800000| Untracked 
|   9|0x00000000e0900000, 0x00000000e0a00000, 0x00000000e0a00000|100%| O|  |TAMS 0x00000000e0900000| PB 0x00000000e0900000| Untracked 
|  10|0x00000000e0a00000, 0x00000000e0b00000, 0x00000000e0b00000|100%| O|  |TAMS 0x00000000e0a00000| PB 0x00000000e0a00000| Untracked 
|  11|0x00000000e0b00000, 0x00000000e0c00000, 0x00000000e0c00000|100%| O|  |TAMS 0x00000000e0b00000| PB 0x00000000e0b00000| Untracked 
|  12|0x00000000e0c00000, 0x00000000e0d00000, 0x00000000e0d00000|100%| O|  |TAMS 0x00000000e0c00000| PB 0x00000000e0c00000| Untracked 
|  13|0x00000000e0d00000, 0x00000000e0e00000, 0x00000000e0e00000|100%| O|  |TAMS 0x00000000e0d00000| PB 0x00000000e0d00000| Untracked 
|  14|0x00000000e0e00000, 0x00000000e0f00000, 0x00000000e0f00000|100%| O|  |TAMS 0x00000000e0e00000| PB 0x00000000e0e00000| Untracked 
|  15|0x00000000e0f00000, 0x00000000e1000000, 0x00000000e1000000|100%| O|  |TAMS 0x00000000e0f00000| PB 0x00000000e0f00000| Untracked 
|  16|0x00000000e1000000, 0x00000000e1100000, 0x00000000e1100000|100%| O|  |TAMS 0x00000000e1000000| PB 0x00000000e1000000| Untracked 
|  17|0x00000000e1100000, 0x00000000e1200000, 0x00000000e1200000|100%| O|  |TAMS 0x00000000e1100000| PB 0x00000000e1100000| Untracked 
|  18|0x00000000e1200000, 0x00000000e1300000, 0x00000000e1300000|100%| O|  |TAMS 0x00000000e1200000| PB 0x00000000e1200000| Untracked 
|  19|0x00000000e1300000, 0x00000000e1400000, 0x00000000e1400000|100%| O|  |TAMS 0x00000000e1300000| PB 0x00000000e1300000| Untracked 
|  20|0x00000000e1400000, 0x00000000e1500000, 0x00000000e1500000|100%| O|  |TAMS 0x00000000e1400000| PB 0x00000000e1400000| Untracked 
|  21|0x00000000e1500000, 0x00000000e1600000, 0x00000000e1600000|100%| O|  |TAMS 0x00000000e1500000| PB 0x00000000e1500000| Untracked 
|  22|0x00000000e1600000, 0x00000000e1700000, 0x00000000e1700000|100%| O|  |TAMS 0x00000000e1600000| PB 0x00000000e1600000| Untracked 
|  23|0x00000000e1700000, 0x00000000e1796948, 0x00000000e1800000| 58%| O|  |TAMS 0x00000000e1700000| PB 0x00000000e1700000| Untracked 
|  24|0x00000000e1800000, 0x00000000e1800000, 0x00000000e1900000|  0%| F|  |TAMS 0x00000000e1800000| PB 0x00000000e1800000| Untracked 
|  25|0x00000000e1900000, 0x00000000e1900000, 0x00000000e1a00000|  0%| F|  |TAMS 0x00000000e1900000| PB 0x00000000e1900000| Untracked 
|  26|0x00000000e1a00000, 0x00000000e1a00000, 0x00000000e1b00000|  0%| F|  |TAMS 0x00000000e1a00000| PB 0x00000000e1a00000| Untracked 
|  27|0x00000000e1b00000, 0x00000000e1b00000, 0x00000000e1c00000|  0%| F|  |TAMS 0x00000000e1b00000| PB 0x00000000e1b00000| Untracked 
|  28|0x00000000e1c00000, 0x00000000e1c00000, 0x00000000e1d00000|  0%| F|  |TAMS 0x00000000e1c00000| PB 0x00000000e1c00000| Untracked 
|  29|0x00000000e1d00000, 0x00000000e1d00000, 0x00000000e1e00000|  0%| F|  |TAMS 0x00000000e1d00000| PB 0x00000000e1d00000| Untracked 
|  30|0x00000000e1e00000, 0x00000000e1e00000, 0x00000000e1f00000|  0%| F|  |TAMS 0x00000000e1e00000| PB 0x00000000e1e00000| Untracked 
|  31|0x00000000e1f00000, 0x00000000e1f00000, 0x00000000e2000000|  0%| F|  |TAMS 0x00000000e1f00000| PB 0x00000000e1f00000| Untracked 
|  32|0x00000000e2000000, 0x00000000e2000000, 0x00000000e2100000|  0%| F|  |TAMS 0x00000000e2000000| PB 0x00000000e2000000| Untracked 
|  33|0x00000000e2100000, 0x00000000e2100000, 0x00000000e2200000|  0%| F|  |TAMS 0x00000000e2100000| PB 0x00000000e2100000| Untracked 
|  34|0x00000000e2200000, 0x00000000e2200000, 0x00000000e2300000|  0%| F|  |TAMS 0x00000000e2200000| PB 0x00000000e2200000| Untracked 
|  35|0x00000000e2300000, 0x00000000e2300000, 0x00000000e2400000|  0%| F|  |TAMS 0x00000000e2300000| PB 0x00000000e2300000| Untracked 
|  36|0x00000000e2400000, 0x00000000e2400000, 0x00000000e2500000|  0%| F|  |TAMS 0x00000000e2400000| PB 0x00000000e2400000| Untracked 
|  37|0x00000000e2500000, 0x00000000e2500000, 0x00000000e2600000|  0%| F|  |TAMS 0x00000000e2500000| PB 0x00000000e2500000| Untracked 
|  38|0x00000000e2600000, 0x00000000e2600000, 0x00000000e2700000|  0%| F|  |TAMS 0x00000000e2600000| PB 0x00000000e2600000| Untracked 
|  39|0x00000000e2700000, 0x00000000e2700000, 0x00000000e2800000|  0%| F|  |TAMS 0x00000000e2700000| PB 0x00000000e2700000| Untracked 
|  40|0x00000000e2800000, 0x00000000e2800000, 0x00000000e2900000|  0%| F|  |TAMS 0x00000000e2800000| PB 0x00000000e2800000| Untracked 
|  41|0x00000000e2900000, 0x00000000e2900000, 0x00000000e2a00000|  0%| F|  |TAMS 0x00000000e2900000| PB 0x00000000e2900000| Untracked 
|  42|0x00000000e2a00000, 0x00000000e2a00000, 0x00000000e2b00000|  0%| F|  |TAMS 0x00000000e2a00000| PB 0x00000000e2a00000| Untracked 
|  43|0x00000000e2b00000, 0x00000000e2b00000, 0x00000000e2c00000|  0%| F|  |TAMS 0x00000000e2b00000| PB 0x00000000e2b00000| Untracked 
|  44|0x00000000e2c00000, 0x00000000e2c00000, 0x00000000e2d00000|  0%| F|  |TAMS 0x00000000e2c00000| PB 0x00000000e2c00000| Untracked 
|  45|0x00000000e2d00000, 0x00000000e2d00000, 0x00000000e2e00000|  0%| F|  |TAMS 0x00000000e2d00000| PB 0x00000000e2d00000| Untracked 
|  46|0x00000000e2e00000, 0x00000000e2e00000, 0x00000000e2f00000|  0%| F|  |TAMS 0x00000000e2e00000| PB 0x00000000e2e00000| Untracked 
|  47|0x00000000e2f00000, 0x00000000e2f00000, 0x00000000e3000000|  0%| F|  |TAMS 0x00000000e2f00000| PB 0x00000000e2f00000| Untracked 
|  48|0x00000000e3000000, 0x00000000e3000000, 0x00000000e3100000|  0%| F|  |TAMS 0x00000000e3000000| PB 0x00000000e3000000| Untracked 
|  49|0x00000000e3100000, 0x00000000e3100000, 0x00000000e3200000|  0%| F|  |TAMS 0x00000000e3100000| PB 0x00000000e3100000| Untracked 
|  50|0x00000000e3200000, 0x00000000e3200000, 0x00000000e3300000|  0%| F|  |TAMS 0x00000000e3200000| PB 0x00000000e3200000| Untracked 
|  51|0x00000000e3300000, 0x00000000e3300000, 0x00000000e3400000|  0%| F|  |TAMS 0x00000000e3300000| PB 0x00000000e3300000| Untracked 
|  52|0x00000000e3400000, 0x00000000e3400000, 0x00000000e3500000|  0%| F|  |TAMS 0x00000000e3400000| PB 0x00000000e3400000| Untracked 
|  53|0x00000000e3500000, 0x00000000e3500000, 0x00000000e3600000|  0%| F|  |TAMS 0x00000000e3500000| PB 0x00000000e3500000| Untracked 
|  54|0x00000000e3600000, 0x00000000e3600000, 0x00000000e3700000|  0%| F|  |TAMS 0x00000000e3600000| PB 0x00000000e3600000| Untracked 
|  55|0x00000000e3700000, 0x00000000e3700000, 0x00000000e3800000|  0%| F|  |TAMS 0x00000000e3700000| PB 0x00000000e3700000| Untracked 
|  56|0x00000000e3800000, 0x00000000e3800000, 0x00000000e3900000|  0%| F|  |TAMS 0x00000000e3800000| PB 0x00000000e3800000| Untracked 
|  57|0x00000000e3900000, 0x00000000e3900000, 0x00000000e3a00000|  0%| F|  |TAMS 0x00000000e3900000| PB 0x00000000e3900000| Untracked 
|  58|0x00000000e3a00000, 0x00000000e3a00000, 0x00000000e3b00000|  0%| F|  |TAMS 0x00000000e3a00000| PB 0x00000000e3a00000| Untracked 
|  59|0x00000000e3b00000, 0x00000000e3b00000, 0x00000000e3c00000|  0%| F|  |TAMS 0x00000000e3b00000| PB 0x00000000e3b00000| Untracked 
|  60|0x00000000e3c00000, 0x00000000e3c00000, 0x00000000e3d00000|  0%| F|  |TAMS 0x00000000e3c00000| PB 0x00000000e3c00000| Untracked 
|  61|0x00000000e3d00000, 0x00000000e3d00000, 0x00000000e3e00000|  0%| F|  |TAMS 0x00000000e3d00000| PB 0x00000000e3d00000| Untracked 
|  62|0x00000000e3e00000, 0x00000000e3e00000, 0x00000000e3f00000|  0%| F|  |TAMS 0x00000000e3e00000| PB 0x00000000e3e00000| Untracked 
|  63|0x00000000e3f00000, 0x00000000e3f00000, 0x00000000e4000000|  0%| F|  |TAMS 0x00000000e3f00000| PB 0x00000000e3f00000| Untracked 
|  64|0x00000000e4000000, 0x00000000e4000000, 0x00000000e4100000|  0%| F|  |TAMS 0x00000000e4000000| PB 0x00000000e4000000| Untracked 
|  65|0x00000000e4100000, 0x00000000e4100000, 0x00000000e4200000|  0%| F|  |TAMS 0x00000000e4100000| PB 0x00000000e4100000| Untracked 
|  66|0x00000000e4200000, 0x00000000e4200000, 0x00000000e4300000|  0%| F|  |TAMS 0x00000000e4200000| PB 0x00000000e4200000| Untracked 
|  67|0x00000000e4300000, 0x00000000e4300000, 0x00000000e4400000|  0%| F|  |TAMS 0x00000000e4300000| PB 0x00000000e4300000| Untracked 
|  68|0x00000000e4400000, 0x00000000e4400000, 0x00000000e4500000|  0%| F|  |TAMS 0x00000000e4400000| PB 0x00000000e4400000| Untracked 
|  69|0x00000000e4500000, 0x00000000e4500000, 0x00000000e4600000|  0%| F|  |TAMS 0x00000000e4500000| PB 0x00000000e4500000| Untracked 
|  70|0x00000000e4600000, 0x00000000e4600000, 0x00000000e4700000|  0%| F|  |TAMS 0x00000000e4600000| PB 0x00000000e4600000| Untracked 
|  71|0x00000000e4700000, 0x00000000e4700000, 0x00000000e4800000|  0%| F|  |TAMS 0x00000000e4700000| PB 0x00000000e4700000| Untracked 
|  72|0x00000000e4800000, 0x00000000e4800000, 0x00000000e4900000|  0%| F|  |TAMS 0x00000000e4800000| PB 0x00000000e4800000| Untracked 
|  73|0x00000000e4900000, 0x00000000e4900000, 0x00000000e4a00000|  0%| F|  |TAMS 0x00000000e4900000| PB 0x00000000e4900000| Untracked 
|  74|0x00000000e4a00000, 0x00000000e4a00000, 0x00000000e4b00000|  0%| F|  |TAMS 0x00000000e4a00000| PB 0x00000000e4a00000| Untracked 
|  75|0x00000000e4b00000, 0x00000000e4b00000, 0x00000000e4c00000|  0%| F|  |TAMS 0x00000000e4b00000| PB 0x00000000e4b00000| Untracked 
|  76|0x00000000e4c00000, 0x00000000e4c00000, 0x00000000e4d00000|  0%| F|  |TAMS 0x00000000e4c00000| PB 0x00000000e4c00000| Untracked 
|  77|0x00000000e4d00000, 0x00000000e4d00000, 0x00000000e4e00000|  0%| F|  |TAMS 0x00000000e4d00000| PB 0x00000000e4d00000| Untracked 
|  78|0x00000000e4e00000, 0x00000000e4e00000, 0x00000000e4f00000|  0%| F|  |TAMS 0x00000000e4e00000| PB 0x00000000e4e00000| Untracked 
|  79|0x00000000e4f00000, 0x00000000e4f00000, 0x00000000e5000000|  0%| F|  |TAMS 0x00000000e4f00000| PB 0x00000000e4f00000| Untracked 
|  80|0x00000000e5000000, 0x00000000e5000000, 0x00000000e5100000|  0%| F|  |TAMS 0x00000000e5000000| PB 0x00000000e5000000| Untracked 
|  81|0x00000000e5100000, 0x00000000e5100000, 0x00000000e5200000|  0%| F|  |TAMS 0x00000000e5100000| PB 0x00000000e5100000| Untracked 
|  82|0x00000000e5200000, 0x00000000e5200000, 0x00000000e5300000|  0%| F|  |TAMS 0x00000000e5200000| PB 0x00000000e5200000| Untracked 
|  83|0x00000000e5300000, 0x00000000e5300000, 0x00000000e5400000|  0%| F|  |TAMS 0x00000000e5300000| PB 0x00000000e5300000| Untracked 
|  84|0x00000000e5400000, 0x00000000e5400000, 0x00000000e5500000|  0%| F|  |TAMS 0x00000000e5400000| PB 0x00000000e5400000| Untracked 
|  85|0x00000000e5500000, 0x00000000e5500000, 0x00000000e5600000|  0%| F|  |TAMS 0x00000000e5500000| PB 0x00000000e5500000| Untracked 
|  86|0x00000000e5600000, 0x00000000e5600000, 0x00000000e5700000|  0%| F|  |TAMS 0x00000000e5600000| PB 0x00000000e5600000| Untracked 
|  87|0x00000000e5700000, 0x00000000e5700000, 0x00000000e5800000|  0%| F|  |TAMS 0x00000000e5700000| PB 0x00000000e5700000| Untracked 
|  88|0x00000000e5800000, 0x00000000e5800000, 0x00000000e5900000|  0%| F|  |TAMS 0x00000000e5800000| PB 0x00000000e5800000| Untracked 
|  89|0x00000000e5900000, 0x00000000e5900000, 0x00000000e5a00000|  0%| F|  |TAMS 0x00000000e5900000| PB 0x00000000e5900000| Untracked 
|  90|0x00000000e5a00000, 0x00000000e5a00000, 0x00000000e5b00000|  0%| F|  |TAMS 0x00000000e5a00000| PB 0x00000000e5a00000| Untracked 
|  91|0x00000000e5b00000, 0x00000000e5b00000, 0x00000000e5c00000|  0%| F|  |TAMS 0x00000000e5b00000| PB 0x00000000e5b00000| Untracked 
|  92|0x00000000e5c00000, 0x00000000e5c00000, 0x00000000e5d00000|  0%| F|  |TAMS 0x00000000e5c00000| PB 0x00000000e5c00000| Untracked 
|  93|0x00000000e5d00000, 0x00000000e5d00000, 0x00000000e5e00000|  0%| F|  |TAMS 0x00000000e5d00000| PB 0x00000000e5d00000| Untracked 
|  94|0x00000000e5e00000, 0x00000000e5e00000, 0x00000000e5f00000|  0%| F|  |TAMS 0x00000000e5e00000| PB 0x00000000e5e00000| Untracked 
|  95|0x00000000e5f00000, 0x00000000e5f00000, 0x00000000e6000000|  0%| F|  |TAMS 0x00000000e5f00000| PB 0x00000000e5f00000| Untracked 
|  96|0x00000000e6000000, 0x00000000e6000000, 0x00000000e6100000|  0%| F|  |TAMS 0x00000000e6000000| PB 0x00000000e6000000| Untracked 
|  97|0x00000000e6100000, 0x00000000e6100000, 0x00000000e6200000|  0%| F|  |TAMS 0x00000000e6100000| PB 0x00000000e6100000| Untracked 
|  98|0x00000000e6200000, 0x00000000e6200000, 0x00000000e6300000|  0%| F|  |TAMS 0x00000000e6200000| PB 0x00000000e6200000| Untracked 
|  99|0x00000000e6300000, 0x00000000e6300000, 0x00000000e6400000|  0%| F|  |TAMS 0x00000000e6300000| PB 0x00000000e6300000| Untracked 
| 100|0x00000000e6400000, 0x00000000e6400000, 0x00000000e6500000|  0%| F|  |TAMS 0x00000000e6400000| PB 0x00000000e6400000| Untracked 
| 101|0x00000000e6500000, 0x00000000e6500000, 0x00000000e6600000|  0%| F|  |TAMS 0x00000000e6500000| PB 0x00000000e6500000| Untracked 
| 102|0x00000000e6600000, 0x00000000e6600000, 0x00000000e6700000|  0%| F|  |TAMS 0x00000000e6600000| PB 0x00000000e6600000| Untracked 
| 103|0x00000000e6700000, 0x00000000e6700000, 0x00000000e6800000|  0%| F|  |TAMS 0x00000000e6700000| PB 0x00000000e6700000| Untracked 
| 104|0x00000000e6800000, 0x00000000e6800000, 0x00000000e6900000|  0%| F|  |TAMS 0x00000000e6800000| PB 0x00000000e6800000| Untracked 
| 105|0x00000000e6900000, 0x00000000e6900000, 0x00000000e6a00000|  0%| F|  |TAMS 0x00000000e6900000| PB 0x00000000e6900000| Untracked 
| 106|0x00000000e6a00000, 0x00000000e6a00000, 0x00000000e6b00000|  0%| F|  |TAMS 0x00000000e6a00000| PB 0x00000000e6a00000| Untracked 
| 107|0x00000000e6b00000, 0x00000000e6b00000, 0x00000000e6c00000|  0%| F|  |TAMS 0x00000000e6b00000| PB 0x00000000e6b00000| Untracked 
| 108|0x00000000e6c00000, 0x00000000e6c00000, 0x00000000e6d00000|  0%| F|  |TAMS 0x00000000e6c00000| PB 0x00000000e6c00000| Untracked 
| 109|0x00000000e6d00000, 0x00000000e6d00000, 0x00000000e6e00000|  0%| F|  |TAMS 0x00000000e6d00000| PB 0x00000000e6d00000| Untracked 
| 110|0x00000000e6e00000, 0x00000000e6e00000, 0x00000000e6f00000|  0%| F|  |TAMS 0x00000000e6e00000| PB 0x00000000e6e00000| Untracked 
| 111|0x00000000e6f00000, 0x00000000e6f00000, 0x00000000e7000000|  0%| F|  |TAMS 0x00000000e6f00000| PB 0x00000000e6f00000| Untracked 
| 112|0x00000000e7000000, 0x00000000e7000000, 0x00000000e7100000|  0%| F|  |TAMS 0x00000000e7000000| PB 0x00000000e7000000| Untracked 
| 113|0x00000000e7100000, 0x00000000e7100000, 0x00000000e7200000|  0%| F|  |TAMS 0x00000000e7100000| PB 0x00000000e7100000| Untracked 
| 114|0x00000000e7200000, 0x00000000e7200000, 0x00000000e7300000|  0%| F|  |TAMS 0x00000000e7200000| PB 0x00000000e7200000| Untracked 
| 115|0x00000000e7300000, 0x00000000e7300000, 0x00000000e7400000|  0%| F|  |TAMS 0x00000000e7300000| PB 0x00000000e7300000| Untracked 
| 116|0x00000000e7400000, 0x00000000e7400000, 0x00000000e7500000|  0%| F|  |TAMS 0x00000000e7400000| PB 0x00000000e7400000| Untracked 
| 117|0x00000000e7500000, 0x00000000e7500000, 0x00000000e7600000|  0%| F|  |TAMS 0x00000000e7500000| PB 0x00000000e7500000| Untracked 
| 118|0x00000000e7600000, 0x00000000e7600000, 0x00000000e7700000|  0%| F|  |TAMS 0x00000000e7600000| PB 0x00000000e7600000| Untracked 
| 119|0x00000000e7700000, 0x00000000e7700000, 0x00000000e7800000|  0%| F|  |TAMS 0x00000000e7700000| PB 0x00000000e7700000| Untracked 
| 120|0x00000000e7800000, 0x00000000e7800000, 0x00000000e7900000|  0%| F|  |TAMS 0x00000000e7800000| PB 0x00000000e7800000| Untracked 
| 121|0x00000000e7900000, 0x00000000e7900000, 0x00000000e7a00000|  0%| F|  |TAMS 0x00000000e7900000| PB 0x00000000e7900000| Untracked 
| 122|0x00000000e7a00000, 0x00000000e7a00000, 0x00000000e7b00000|  0%| F|  |TAMS 0x00000000e7a00000| PB 0x00000000e7a00000| Untracked 
| 123|0x00000000e7b00000, 0x00000000e7b00000, 0x00000000e7c00000|  0%| F|  |TAMS 0x00000000e7b00000| PB 0x00000000e7b00000| Untracked 
| 124|0x00000000e7c00000, 0x00000000e7c00000, 0x00000000e7d00000|  0%| F|  |TAMS 0x00000000e7c00000| PB 0x00000000e7c00000| Untracked 
| 125|0x00000000e7d00000, 0x00000000e7d00000, 0x00000000e7e00000|  0%| F|  |TAMS 0x00000000e7d00000| PB 0x00000000e7d00000| Untracked 
| 126|0x00000000e7e00000, 0x00000000e7e00000, 0x00000000e7f00000|  0%| F|  |TAMS 0x00000000e7e00000| PB 0x00000000e7e00000| Untracked 
| 127|0x00000000e7f00000, 0x00000000e7f00000, 0x00000000e8000000|  0%| F|  |TAMS 0x00000000e7f00000| PB 0x00000000e7f00000| Untracked 
| 128|0x00000000e8000000, 0x00000000e8000000, 0x00000000e8100000|  0%| F|  |TAMS 0x00000000e8000000| PB 0x00000000e8000000| Untracked 
| 129|0x00000000e8100000, 0x00000000e8100000, 0x00000000e8200000|  0%| F|  |TAMS 0x00000000e8100000| PB 0x00000000e8100000| Untracked 
| 130|0x00000000e8200000, 0x00000000e8200000, 0x00000000e8300000|  0%| F|  |TAMS 0x00000000e8200000| PB 0x00000000e8200000| Untracked 
| 131|0x00000000e8300000, 0x00000000e8300000, 0x00000000e8400000|  0%| F|  |TAMS 0x00000000e8300000| PB 0x00000000e8300000| Untracked 
| 132|0x00000000e8400000, 0x00000000e8400000, 0x00000000e8500000|  0%| F|  |TAMS 0x00000000e8400000| PB 0x00000000e8400000| Untracked 
| 133|0x00000000e8500000, 0x00000000e8500000, 0x00000000e8600000|  0%| F|  |TAMS 0x00000000e8500000| PB 0x00000000e8500000| Untracked 
| 134|0x00000000e8600000, 0x00000000e8600000, 0x00000000e8700000|  0%| F|  |TAMS 0x00000000e8600000| PB 0x00000000e8600000| Untracked 
| 135|0x00000000e8700000, 0x00000000e8700000, 0x00000000e8800000|  0%| F|  |TAMS 0x00000000e8700000| PB 0x00000000e8700000| Untracked 
| 136|0x00000000e8800000, 0x00000000e8800000, 0x00000000e8900000|  0%| F|  |TAMS 0x00000000e8800000| PB 0x00000000e8800000| Untracked 
| 137|0x00000000e8900000, 0x00000000e8900000, 0x00000000e8a00000|  0%| F|  |TAMS 0x00000000e8900000| PB 0x00000000e8900000| Untracked 
| 138|0x00000000e8a00000, 0x00000000e8a00000, 0x00000000e8b00000|  0%| F|  |TAMS 0x00000000e8a00000| PB 0x00000000e8a00000| Untracked 
| 139|0x00000000e8b00000, 0x00000000e8b00000, 0x00000000e8c00000|  0%| F|  |TAMS 0x00000000e8b00000| PB 0x00000000e8b00000| Untracked 
| 140|0x00000000e8c00000, 0x00000000e8c00000, 0x00000000e8d00000|  0%| F|  |TAMS 0x00000000e8c00000| PB 0x00000000e8c00000| Untracked 
| 141|0x00000000e8d00000, 0x00000000e8d00000, 0x00000000e8e00000|  0%| F|  |TAMS 0x00000000e8d00000| PB 0x00000000e8d00000| Untracked 
| 142|0x00000000e8e00000, 0x00000000e8e00000, 0x00000000e8f00000|  0%| F|  |TAMS 0x00000000e8e00000| PB 0x00000000e8e00000| Untracked 
| 143|0x00000000e8f00000, 0x00000000e8f00000, 0x00000000e9000000|  0%| F|  |TAMS 0x00000000e8f00000| PB 0x00000000e8f00000| Untracked 
| 144|0x00000000e9000000, 0x00000000e9000000, 0x00000000e9100000|  0%| F|  |TAMS 0x00000000e9000000| PB 0x00000000e9000000| Untracked 
| 145|0x00000000e9100000, 0x00000000e9100000, 0x00000000e9200000|  0%| F|  |TAMS 0x00000000e9100000| PB 0x00000000e9100000| Untracked 
| 146|0x00000000e9200000, 0x00000000e92eb980, 0x00000000e9300000| 92%| S|CS|TAMS 0x00000000e9200000| PB 0x00000000e9200000| Complete 
| 147|0x00000000e9300000, 0x00000000e9400000, 0x00000000e9400000|100%| S|CS|TAMS 0x00000000e9300000| PB 0x00000000e9300000| Complete 
| 148|0x00000000e9400000, 0x00000000e9500000, 0x00000000e9500000|100%| S|CS|TAMS 0x00000000e9400000| PB 0x00000000e9400000| Complete 
| 149|0x00000000e9500000, 0x00000000e9600000, 0x00000000e9600000|100%| S|CS|TAMS 0x00000000e9500000| PB 0x00000000e9500000| Complete 
| 150|0x00000000e9600000, 0x00000000e9700000, 0x00000000e9700000|100%| S|CS|TAMS 0x00000000e9600000| PB 0x00000000e9600000| Complete 
| 151|0x00000000e9700000, 0x00000000e9800000, 0x00000000e9800000|100%| S|CS|TAMS 0x00000000e9700000| PB 0x00000000e9700000| Complete 
| 152|0x00000000e9800000, 0x00000000e9900000, 0x00000000e9900000|100%| S|CS|TAMS 0x00000000e9800000| PB 0x00000000e9800000| Complete 
| 153|0x00000000e9900000, 0x00000000e9900000, 0x00000000e9a00000|  0%| F|  |TAMS 0x00000000e9900000| PB 0x00000000e9900000| Untracked 
| 154|0x00000000e9a00000, 0x00000000e9a00000, 0x00000000e9b00000|  0%| F|  |TAMS 0x00000000e9a00000| PB 0x00000000e9a00000| Untracked 
| 155|0x00000000e9b00000, 0x00000000e9b00000, 0x00000000e9c00000|  0%| F|  |TAMS 0x00000000e9b00000| PB 0x00000000e9b00000| Untracked 
| 156|0x00000000e9c00000, 0x00000000e9c00000, 0x00000000e9d00000|  0%| F|  |TAMS 0x00000000e9c00000| PB 0x00000000e9c00000| Untracked 
| 157|0x00000000e9d00000, 0x00000000e9d00000, 0x00000000e9e00000|  0%| F|  |TAMS 0x00000000e9d00000| PB 0x00000000e9d00000| Untracked 
| 158|0x00000000e9e00000, 0x00000000e9e00000, 0x00000000e9f00000|  0%| F|  |TAMS 0x00000000e9e00000| PB 0x00000000e9e00000| Untracked 
| 159|0x00000000e9f00000, 0x00000000e9f00000, 0x00000000ea000000|  0%| F|  |TAMS 0x00000000e9f00000| PB 0x00000000e9f00000| Untracked 
| 160|0x00000000ea000000, 0x00000000ea000000, 0x00000000ea100000|  0%| F|  |TAMS 0x00000000ea000000| PB 0x00000000ea000000| Untracked 
| 161|0x00000000ea100000, 0x00000000ea100000, 0x00000000ea200000|  0%| F|  |TAMS 0x00000000ea100000| PB 0x00000000ea100000| Untracked 
| 162|0x00000000ea200000, 0x00000000ea200000, 0x00000000ea300000|  0%| F|  |TAMS 0x00000000ea200000| PB 0x00000000ea200000| Untracked 
| 163|0x00000000ea300000, 0x00000000ea300000, 0x00000000ea400000|  0%| F|  |TAMS 0x00000000ea300000| PB 0x00000000ea300000| Untracked 
| 164|0x00000000ea400000, 0x00000000ea400000, 0x00000000ea500000|  0%| F|  |TAMS 0x00000000ea400000| PB 0x00000000ea400000| Untracked 
| 165|0x00000000ea500000, 0x00000000ea500000, 0x00000000ea600000|  0%| F|  |TAMS 0x00000000ea500000| PB 0x00000000ea500000| Untracked 
| 166|0x00000000ea600000, 0x00000000ea600000, 0x00000000ea700000|  0%| F|  |TAMS 0x00000000ea600000| PB 0x00000000ea600000| Untracked 
| 167|0x00000000ea700000, 0x00000000ea700000, 0x00000000ea800000|  0%| F|  |TAMS 0x00000000ea700000| PB 0x00000000ea700000| Untracked 
| 168|0x00000000ea800000, 0x00000000ea800000, 0x00000000ea900000|  0%| F|  |TAMS 0x00000000ea800000| PB 0x00000000ea800000| Untracked 
| 169|0x00000000ea900000, 0x00000000ea900000, 0x00000000eaa00000|  0%| F|  |TAMS 0x00000000ea900000| PB 0x00000000ea900000| Untracked 
| 170|0x00000000eaa00000, 0x00000000eaa00000, 0x00000000eab00000|  0%| F|  |TAMS 0x00000000eaa00000| PB 0x00000000eaa00000| Untracked 
| 171|0x00000000eab00000, 0x00000000eab00000, 0x00000000eac00000|  0%| F|  |TAMS 0x00000000eab00000| PB 0x00000000eab00000| Untracked 
| 172|0x00000000eac00000, 0x00000000eac00000, 0x00000000ead00000|  0%| F|  |TAMS 0x00000000eac00000| PB 0x00000000eac00000| Untracked 
| 173|0x00000000ead00000, 0x00000000ead00000, 0x00000000eae00000|  0%| F|  |TAMS 0x00000000ead00000| PB 0x00000000ead00000| Untracked 
| 174|0x00000000eae00000, 0x00000000eae00000, 0x00000000eaf00000|  0%| F|  |TAMS 0x00000000eae00000| PB 0x00000000eae00000| Untracked 
| 175|0x00000000eaf00000, 0x00000000eaf00000, 0x00000000eb000000|  0%| F|  |TAMS 0x00000000eaf00000| PB 0x00000000eaf00000| Untracked 
| 176|0x00000000eb000000, 0x00000000eb000000, 0x00000000eb100000|  0%| F|  |TAMS 0x00000000eb000000| PB 0x00000000eb000000| Untracked 
| 177|0x00000000eb100000, 0x00000000eb100000, 0x00000000eb200000|  0%| F|  |TAMS 0x00000000eb100000| PB 0x00000000eb100000| Untracked 
| 178|0x00000000eb200000, 0x00000000eb200000, 0x00000000eb300000|  0%| F|  |TAMS 0x00000000eb200000| PB 0x00000000eb200000| Untracked 
| 179|0x00000000eb300000, 0x00000000eb300000, 0x00000000eb400000|  0%| F|  |TAMS 0x00000000eb300000| PB 0x00000000eb300000| Untracked 
| 180|0x00000000eb400000, 0x00000000eb400000, 0x00000000eb500000|  0%| F|  |TAMS 0x00000000eb400000| PB 0x00000000eb400000| Untracked 
| 181|0x00000000eb500000, 0x00000000eb500000, 0x00000000eb600000|  0%| F|  |TAMS 0x00000000eb500000| PB 0x00000000eb500000| Untracked 
| 182|0x00000000eb600000, 0x00000000eb600000, 0x00000000eb700000|  0%| F|  |TAMS 0x00000000eb600000| PB 0x00000000eb600000| Untracked 
| 183|0x00000000eb700000, 0x00000000eb700000, 0x00000000eb800000|  0%| F|  |TAMS 0x00000000eb700000| PB 0x00000000eb700000| Untracked 
| 184|0x00000000eb800000, 0x00000000eb800000, 0x00000000eb900000|  0%| F|  |TAMS 0x00000000eb800000| PB 0x00000000eb800000| Untracked 
| 185|0x00000000eb900000, 0x00000000eb900000, 0x00000000eba00000|  0%| F|  |TAMS 0x00000000eb900000| PB 0x00000000eb900000| Untracked 
| 186|0x00000000eba00000, 0x00000000eba00000, 0x00000000ebb00000|  0%| F|  |TAMS 0x00000000eba00000| PB 0x00000000eba00000| Untracked 
| 187|0x00000000ebb00000, 0x00000000ebb00000, 0x00000000ebc00000|  0%| F|  |TAMS 0x00000000ebb00000| PB 0x00000000ebb00000| Untracked 
| 188|0x00000000ebc00000, 0x00000000ebc00000, 0x00000000ebd00000|  0%| F|  |TAMS 0x00000000ebc00000| PB 0x00000000ebc00000| Untracked 
| 189|0x00000000ebd00000, 0x00000000ebd00000, 0x00000000ebe00000|  0%| F|  |TAMS 0x00000000ebd00000| PB 0x00000000ebd00000| Untracked 
| 190|0x00000000ebe00000, 0x00000000ebe00000, 0x00000000ebf00000|  0%| F|  |TAMS 0x00000000ebe00000| PB 0x00000000ebe00000| Untracked 
| 191|0x00000000ebf00000, 0x00000000ebf00000, 0x00000000ec000000|  0%| F|  |TAMS 0x00000000ebf00000| PB 0x00000000ebf00000| Untracked 
| 192|0x00000000ec000000, 0x00000000ec000000, 0x00000000ec100000|  0%| F|  |TAMS 0x00000000ec000000| PB 0x00000000ec000000| Untracked 
| 193|0x00000000ec100000, 0x00000000ec100000, 0x00000000ec200000|  0%| F|  |TAMS 0x00000000ec100000| PB 0x00000000ec100000| Untracked 
| 194|0x00000000ec200000, 0x00000000ec200000, 0x00000000ec300000|  0%| F|  |TAMS 0x00000000ec200000| PB 0x00000000ec200000| Untracked 
| 195|0x00000000ec300000, 0x00000000ec300000, 0x00000000ec400000|  0%| F|  |TAMS 0x00000000ec300000| PB 0x00000000ec300000| Untracked 
| 196|0x00000000ec400000, 0x00000000ec400000, 0x00000000ec500000|  0%| F|  |TAMS 0x00000000ec400000| PB 0x00000000ec400000| Untracked 
| 197|0x00000000ec500000, 0x00000000ec500000, 0x00000000ec600000|  0%| F|  |TAMS 0x00000000ec500000| PB 0x00000000ec500000| Untracked 
| 198|0x00000000ec600000, 0x00000000ec600000, 0x00000000ec700000|  0%| F|  |TAMS 0x00000000ec600000| PB 0x00000000ec600000| Untracked 
| 199|0x00000000ec700000, 0x00000000ec700000, 0x00000000ec800000|  0%| F|  |TAMS 0x00000000ec700000| PB 0x00000000ec700000| Untracked 
| 200|0x00000000ec800000, 0x00000000ec800000, 0x00000000ec900000|  0%| F|  |TAMS 0x00000000ec800000| PB 0x00000000ec800000| Untracked 
| 201|0x00000000ec900000, 0x00000000ec900000, 0x00000000eca00000|  0%| F|  |TAMS 0x00000000ec900000| PB 0x00000000ec900000| Untracked 
| 202|0x00000000eca00000, 0x00000000eca00000, 0x00000000ecb00000|  0%| F|  |TAMS 0x00000000eca00000| PB 0x00000000eca00000| Untracked 
| 203|0x00000000ecb00000, 0x00000000ecb00000, 0x00000000ecc00000|  0%| F|  |TAMS 0x00000000ecb00000| PB 0x00000000ecb00000| Untracked 
| 204|0x00000000ecc00000, 0x00000000ecc00000, 0x00000000ecd00000|  0%| F|  |TAMS 0x00000000ecc00000| PB 0x00000000ecc00000| Untracked 
| 205|0x00000000ecd00000, 0x00000000ecd00000, 0x00000000ece00000|  0%| F|  |TAMS 0x00000000ecd00000| PB 0x00000000ecd00000| Untracked 
| 206|0x00000000ece00000, 0x00000000ece00000, 0x00000000ecf00000|  0%| F|  |TAMS 0x00000000ece00000| PB 0x00000000ece00000| Untracked 
| 207|0x00000000ecf00000, 0x00000000ecf00000, 0x00000000ed000000|  0%| F|  |TAMS 0x00000000ecf00000| PB 0x00000000ecf00000| Untracked 
| 208|0x00000000ed000000, 0x00000000ed000000, 0x00000000ed100000|  0%| F|  |TAMS 0x00000000ed000000| PB 0x00000000ed000000| Untracked 
| 209|0x00000000ed100000, 0x00000000ed100000, 0x00000000ed200000|  0%| F|  |TAMS 0x00000000ed100000| PB 0x00000000ed100000| Untracked 
| 210|0x00000000ed200000, 0x00000000ed200000, 0x00000000ed300000|  0%| F|  |TAMS 0x00000000ed200000| PB 0x00000000ed200000| Untracked 
| 211|0x00000000ed300000, 0x00000000ed300000, 0x00000000ed400000|  0%| F|  |TAMS 0x00000000ed300000| PB 0x00000000ed300000| Untracked 
| 212|0x00000000ed400000, 0x00000000ed482098, 0x00000000ed500000| 50%| E|  |TAMS 0x00000000ed400000| PB 0x00000000ed400000| Complete 
| 213|0x00000000ed500000, 0x00000000ed600000, 0x00000000ed600000|100%| E|CS|TAMS 0x00000000ed500000| PB 0x00000000ed500000| Complete 
| 214|0x00000000ed600000, 0x00000000ed700000, 0x00000000ed700000|100%| E|CS|TAMS 0x00000000ed600000| PB 0x00000000ed600000| Complete 
| 215|0x00000000ed700000, 0x00000000ed800000, 0x00000000ed800000|100%| E|CS|TAMS 0x00000000ed700000| PB 0x00000000ed700000| Complete 
| 216|0x00000000ed800000, 0x00000000ed900000, 0x00000000ed900000|100%| E|CS|TAMS 0x00000000ed800000| PB 0x00000000ed800000| Complete 
| 217|0x00000000ed900000, 0x00000000eda00000, 0x00000000eda00000|100%| E|CS|TAMS 0x00000000ed900000| PB 0x00000000ed900000| Complete 
| 218|0x00000000eda00000, 0x00000000edb00000, 0x00000000edb00000|100%| E|CS|TAMS 0x00000000eda00000| PB 0x00000000eda00000| Complete 
| 219|0x00000000edb00000, 0x00000000edc00000, 0x00000000edc00000|100%| E|CS|TAMS 0x00000000edb00000| PB 0x00000000edb00000| Complete 
| 220|0x00000000edc00000, 0x00000000edd00000, 0x00000000edd00000|100%| E|CS|TAMS 0x00000000edc00000| PB 0x00000000edc00000| Complete 
| 221|0x00000000edd00000, 0x00000000ede00000, 0x00000000ede00000|100%| E|CS|TAMS 0x00000000edd00000| PB 0x00000000edd00000| Complete 
| 222|0x00000000ede00000, 0x00000000edf00000, 0x00000000edf00000|100%| E|CS|TAMS 0x00000000ede00000| PB 0x00000000ede00000| Complete 
| 223|0x00000000edf00000, 0x00000000ee000000, 0x00000000ee000000|100%| E|CS|TAMS 0x00000000edf00000| PB 0x00000000edf00000| Complete 
| 224|0x00000000ee000000, 0x00000000ee100000, 0x00000000ee100000|100%| E|CS|TAMS 0x00000000ee000000| PB 0x00000000ee000000| Complete 
| 225|0x00000000ee100000, 0x00000000ee200000, 0x00000000ee200000|100%| E|CS|TAMS 0x00000000ee100000| PB 0x00000000ee100000| Complete 
| 226|0x00000000ee200000, 0x00000000ee300000, 0x00000000ee300000|100%| E|CS|TAMS 0x00000000ee200000| PB 0x00000000ee200000| Complete 
| 227|0x00000000ee300000, 0x00000000ee400000, 0x00000000ee400000|100%| E|CS|TAMS 0x00000000ee300000| PB 0x00000000ee300000| Complete 
| 228|0x00000000ee400000, 0x00000000ee500000, 0x00000000ee500000|100%| E|CS|TAMS 0x00000000ee400000| PB 0x00000000ee400000| Complete 
| 229|0x00000000ee500000, 0x00000000ee600000, 0x00000000ee600000|100%| E|CS|TAMS 0x00000000ee500000| PB 0x00000000ee500000| Complete 
| 230|0x00000000ee600000, 0x00000000ee700000, 0x00000000ee700000|100%| E|CS|TAMS 0x00000000ee600000| PB 0x00000000ee600000| Complete 
| 231|0x00000000ee700000, 0x00000000ee800000, 0x00000000ee800000|100%| E|CS|TAMS 0x00000000ee700000| PB 0x00000000ee700000| Complete 
| 232|0x00000000ee800000, 0x00000000ee900000, 0x00000000ee900000|100%| E|CS|TAMS 0x00000000ee800000| PB 0x00000000ee800000| Complete 
| 233|0x00000000ee900000, 0x00000000eea00000, 0x00000000eea00000|100%| E|CS|TAMS 0x00000000ee900000| PB 0x00000000ee900000| Complete 
| 234|0x00000000eea00000, 0x00000000eeb00000, 0x00000000eeb00000|100%| E|CS|TAMS 0x00000000eea00000| PB 0x00000000eea00000| Complete 
| 235|0x00000000eeb00000, 0x00000000eec00000, 0x00000000eec00000|100%| E|CS|TAMS 0x00000000eeb00000| PB 0x00000000eeb00000| Complete 
| 236|0x00000000eec00000, 0x00000000eed00000, 0x00000000eed00000|100%| E|CS|TAMS 0x00000000eec00000| PB 0x00000000eec00000| Complete 
| 237|0x00000000eed00000, 0x00000000eee00000, 0x00000000eee00000|100%| E|CS|TAMS 0x00000000eed00000| PB 0x00000000eed00000| Complete 
| 238|0x00000000eee00000, 0x00000000eef00000, 0x00000000eef00000|100%| E|CS|TAMS 0x00000000eee00000| PB 0x00000000eee00000| Complete 
| 239|0x00000000eef00000, 0x00000000ef000000, 0x00000000ef000000|100%| E|CS|TAMS 0x00000000eef00000| PB 0x00000000eef00000| Complete 
| 240|0x00000000ef000000, 0x00000000ef100000, 0x00000000ef100000|100%| E|CS|TAMS 0x00000000ef000000| PB 0x00000000ef000000| Complete 
| 241|0x00000000ef100000, 0x00000000ef200000, 0x00000000ef200000|100%| E|CS|TAMS 0x00000000ef100000| PB 0x00000000ef100000| Complete 
| 242|0x00000000ef200000, 0x00000000ef300000, 0x00000000ef300000|100%| E|CS|TAMS 0x00000000ef200000| PB 0x00000000ef200000| Complete 
| 243|0x00000000ef300000, 0x00000000ef400000, 0x00000000ef400000|100%| E|CS|TAMS 0x00000000ef300000| PB 0x00000000ef300000| Complete 
| 244|0x00000000ef400000, 0x00000000ef500000, 0x00000000ef500000|100%| E|CS|TAMS 0x00000000ef400000| PB 0x00000000ef400000| Complete 
| 245|0x00000000ef500000, 0x00000000ef600000, 0x00000000ef600000|100%| E|CS|TAMS 0x00000000ef500000| PB 0x00000000ef500000| Complete 
| 246|0x00000000ef600000, 0x00000000ef700000, 0x00000000ef700000|100%| E|CS|TAMS 0x00000000ef600000| PB 0x00000000ef600000| Complete 
| 247|0x00000000ef700000, 0x00000000ef800000, 0x00000000ef800000|100%| E|CS|TAMS 0x00000000ef700000| PB 0x00000000ef700000| Complete 
| 248|0x00000000ef800000, 0x00000000ef900000, 0x00000000ef900000|100%| E|CS|TAMS 0x00000000ef800000| PB 0x00000000ef800000| Complete 
| 249|0x00000000ef900000, 0x00000000efa00000, 0x00000000efa00000|100%| E|CS|TAMS 0x00000000ef900000| PB 0x00000000ef900000| Complete 
| 250|0x00000000efa00000, 0x00000000efb00000, 0x00000000efb00000|100%| E|CS|TAMS 0x00000000efa00000| PB 0x00000000efa00000| Complete 
| 251|0x00000000efb00000, 0x00000000efc00000, 0x00000000efc00000|100%| E|CS|TAMS 0x00000000efb00000| PB 0x00000000efb00000| Complete 
| 252|0x00000000efc00000, 0x00000000efd00000, 0x00000000efd00000|100%| E|CS|TAMS 0x00000000efc00000| PB 0x00000000efc00000| Complete 
| 253|0x00000000efd00000, 0x00000000efe00000, 0x00000000efe00000|100%| E|CS|TAMS 0x00000000efd00000| PB 0x00000000efd00000| Complete 
| 254|0x00000000efe00000, 0x00000000eff00000, 0x00000000eff00000|100%| E|CS|TAMS 0x00000000efe00000| PB 0x00000000efe00000| Complete 
| 255|0x00000000eff00000, 0x00000000f0000000, 0x00000000f0000000|100%| E|CS|TAMS 0x00000000eff00000| PB 0x00000000eff00000| Complete 

Card table byte_map: [0x000001609dd10000,0x000001609de10000] _byte_map_base: 0x000001609d610000

Marking Bits: (CMBitMap*) 0x000001608402e820
 Bits: [0x000001609de10000, 0x000001609e610000)

Polling page: 0x00000160840d0000

Metaspace:

Usage:
  Non-class:     32.72 MB used.
      Class:      5.48 MB used.
       Both:     38.20 MB used.

Virtual space:
  Non-class space:       64.00 MB reserved,      33.38 MB ( 52%) committed,  1 nodes.
      Class space:      320.00 MB reserved,       6.12 MB (  2%) committed,  1 nodes.
             Both:      384.00 MB reserved,      39.50 MB ( 10%) committed. 

Chunk freelists:
   Non-Class:  14.23 MB
       Class:  9.89 MB
        Both:  24.13 MB

MaxMetaspaceSize: 384.00 MB
CompressedClassSpaceSize: 320.00 MB
Initial GC threshold: 21.00 MB
Current GC threshold: 58.69 MB
CDS: on
 - commit_granule_bytes: 65536.
 - commit_granule_words: 8192.
 - virtual_space_node_default_size: 8388608.
 - enlarge_chunks_in_place: 1.
 - use_allocation_guard: 0.


Internal statistics:

num_allocs_failed_limit: 6.
num_arena_births: 2336.
num_arena_deaths: 0.
num_vsnodes_births: 2.
num_vsnodes_deaths: 0.
num_space_committed: 632.
num_space_uncommitted: 0.
num_chunks_returned_to_freelist: 6.
num_chunks_taken_from_freelist: 4158.
num_chunk_merges: 3.
num_chunk_splits: 2690.
num_chunks_enlarged: 1623.
num_inconsistent_stats: 0.

CodeHeap 'non-profiled nmethods': size=119168Kb used=2323Kb max_used=2430Kb free=116844Kb
 bounds [0x00000160957e0000, 0x0000016095a50000, 0x000001609cc40000]
CodeHeap 'profiled nmethods': size=119104Kb used=7909Kb max_used=8283Kb free=111194Kb
 bounds [0x000001608dc40000, 0x000001608e460000, 0x0000016095090000]
CodeHeap 'non-nmethods': size=7488Kb used=3618Kb max_used=3646Kb free=3870Kb
 bounds [0x0000016095090000, 0x0000016095430000, 0x00000160957e0000]
 total_blobs=4800 nmethods=4101 adapters=600
 compilation: enabled
              stopped_count=0, restarted_count=0
 full_count=0

Compilation events (20 events):
Event: 4.633 Thread 0x00000160a17ddf50 4634       3       jdk.internal.perf.PerfCounter::getFindClassTime (4 bytes)
Event: 4.633 Thread 0x00000160a17e2cc0 4635       3       jdk.internal.perf.PerfCounter::getFindClasses (4 bytes)
Event: 4.634 Thread 0x00000160a16c1260 nmethod 4632 0x000001608dc6c110 code [0x000001608dc6c2a0, 0x000001608dc6c398]
Event: 4.634 Thread 0x00000160a17ddf50 nmethod 4634 0x000001608dcd7c10 code [0x000001608dcd7da0, 0x000001608dcd7e98]
Event: 4.634 Thread 0x00000160a17e2cc0 nmethod 4635 0x000001608dd92410 code [0x000001608dd925a0, 0x000001608dd92698]
Event: 4.634 Thread 0x00000160a17e2610 nmethod 4633 0x000001608dfc1810 code [0x000001608dfc19c0, 0x000001608dfc1b00]
Event: 4.636 Thread 0x00000160a1980c20 nmethod 4626 0x0000016095812090 code [0x0000016095812260, 0x0000016095812980]
Event: 4.636 Thread 0x00000160a1980c20 4631   !   4       java.util.jar.JarFile::isMultiRelease (33 bytes)
Event: 4.637 Thread 0x00000160a1980c20 nmethod 4631 0x0000016095840a10 code [0x0000016095840ba0, 0x0000016095840c98]
Event: 4.637 Thread 0x00000160a1980c20 4584       4       java.util.Spliterators$1Adapter::accept (11 bytes)
Event: 4.638 Thread 0x00000160a1980c20 nmethod 4584 0x0000016095840690 code [0x0000016095840820, 0x0000016095840980]
Event: 4.644 Thread 0x00000160a1980c20 4636       4       java.lang.String::concat (15 bytes)
Event: 4.644 Thread 0x00000160a17e2610 4637   !   3       java.net.URLClassLoader::defineClass (224 bytes)
Event: 4.646 Thread 0x00000160a17e2610 nmethod 4637 0x000001608dfbee10 code [0x000001608dfbf240, 0x000001608dfc0e48]
Event: 4.651 Thread 0x00000160a1980c20 nmethod 4636 0x0000016095811010 code [0x0000016095811200, 0x0000016095811978]
Event: 4.651 Thread 0x00000160a1980c20 4638   !   4       java.lang.ClassLoader::loadClass (121 bytes)
Event: 4.668 Thread 0x00000160a1820b40 nmethod 4582 0x00000160958f0d90 code [0x00000160958f1220, 0x00000160958f4140]
Event: 4.670 Thread 0x00000160a1820b40 4643   !   4       java.net.URLClassLoader::findClass (47 bytes)
Event: 4.670 Thread 0x00000160a16c1260 4644   !   2       jdk.internal.loader.Resource::getBytes (244 bytes)
Event: 4.672 Thread 0x00000160a16c1260 nmethod 4644 0x000001608dc88010 code [0x000001608dc882a0, 0x000001608dc88cf0]

GC Heap History (8 events):
Event: 0.343 GC heap before
{Heap before GC invocations=0 (full 0):
 garbage-first heap   total 262144K, used 23552K [0x00000000e0000000, 0x0000000100000000)
  region size 1024K, 23 young (23552K), 0 survivors (0K)
 Metaspace       used 920K, committed 1088K, reserved 393216K
  class space    used 72K, committed 128K, reserved 327680K
}
Event: 0.345 GC heap after
{Heap after GC invocations=1 (full 0):
 garbage-first heap   total 262144K, used 1786K [0x00000000e0000000, 0x0000000100000000)
  region size 1024K, 2 young (2048K), 2 survivors (2048K)
 Metaspace       used 920K, committed 1088K, reserved 393216K
  class space    used 72K, committed 128K, reserved 327680K
}
Event: 0.937 GC heap before
{Heap before GC invocations=1 (full 0):
 garbage-first heap   total 262144K, used 41722K [0x00000000e0000000, 0x0000000100000000)
  region size 1024K, 38 young (38912K), 2 survivors (2048K)
 Metaspace       used 4687K, committed 4800K, reserved 393216K
  class space    used 577K, committed 640K, reserved 327680K
}
Event: 0.941 GC heap after
{Heap after GC invocations=2 (full 0):
 garbage-first heap   total 262144K, used 11534K [0x00000000e0000000, 0x0000000100000000)
  region size 1024K, 5 young (5120K), 5 survivors (5120K)
 Metaspace       used 4687K, committed 4800K, reserved 393216K
  class space    used 577K, committed 640K, reserved 327680K
}
Event: 2.996 GC heap before
{Heap before GC invocations=2 (full 0):
 garbage-first heap   total 262144K, used 151822K [0x00000000e0000000, 0x0000000100000000)
  region size 1024K, 140 young (143360K), 5 survivors (5120K)
 Metaspace       used 20879K, committed 21504K, reserved 393216K
  class space    used 2811K, committed 3072K, reserved 327680K
}
Event: 3.006 GC heap after
{Heap after GC invocations=3 (full 0):
 garbage-first heap   total 262144K, used 23888K [0x00000000e0000000, 0x0000000100000000)
  region size 1024K, 17 young (17408K), 17 survivors (17408K)
 Metaspace       used 20879K, committed 21504K, reserved 393216K
  class space    used 2811K, committed 3072K, reserved 327680K
}
Event: 4.260 GC heap before
{Heap before GC invocations=4 (full 0):
 garbage-first heap   total 262144K, used 127312K [0x00000000e0000000, 0x0000000100000000)
  region size 1024K, 120 young (122880K), 17 survivors (17408K)
 Metaspace       used 34663K, committed 35968K, reserved 393216K
  class space    used 4872K, committed 5504K, reserved 327680K
}
Event: 4.271 GC heap after
{Heap after GC invocations=5 (full 0):
 garbage-first heap   total 262144K, used 31240K [0x00000000e0000000, 0x0000000100000000)
  region size 1024K, 7 young (7168K), 7 survivors (7168K)
 Metaspace       used 34663K, committed 35968K, reserved 393216K
  class space    used 4872K, committed 5504K, reserved 327680K
}

Dll operation events (15 events):
Event: 0.009 Loaded shared library C:\Program Files\Java\jdk-21\bin\java.dll
Event: 0.044 Loaded shared library C:\Program Files\Java\jdk-21\bin\jsvml.dll
Event: 0.078 Loaded shared library C:\Program Files\Java\jdk-21\bin\zip.dll
Event: 0.082 Loaded shared library C:\Program Files\Java\jdk-21\bin\instrument.dll
Event: 0.085 Loaded shared library C:\Program Files\Java\jdk-21\bin\net.dll
Event: 0.088 Loaded shared library C:\Program Files\Java\jdk-21\bin\nio.dll
Event: 0.090 Loaded shared library C:\Program Files\Java\jdk-21\bin\zip.dll
Event: 0.349 Loaded shared library C:\Program Files\Java\jdk-21\bin\jimage.dll
Event: 0.549 Loaded shared library C:\Program Files\Java\jdk-21\bin\verify.dll
Event: 0.581 Loaded shared library C:\Users\tedtid\.gradle\native\660c5614fbf4a5f2a75b1949f50a0caf5cd603558e7d8a26e50b933a0cfb79d1\windows-amd64\native-platform.dll
Event: 0.596 Loaded shared library C:\Users\tedtid\.gradle\native\0.2.8\x86_64-windows-gnu\gradle-fileevents.dll
Event: 1.608 Loaded shared library C:\Program Files\Java\jdk-21\bin\management.dll
Event: 1.610 Loaded shared library C:\Program Files\Java\jdk-21\bin\management_ext.dll
Event: 1.749 Loaded shared library C:\Program Files\Java\jdk-21\bin\extnet.dll
Event: 1.934 Loaded shared library C:\Program Files\Java\jdk-21\bin\sunmscapi.dll

Deoptimization events (20 events):
Event: 4.396 Thread 0x00000160bcbd2130 Uncommon trap: trap_request=0xffffffc6 fr.pc=0x0000016095a23174 relative=0x00000000000014d4
Event: 4.396 Thread 0x00000160bcbd2130 Uncommon trap: reason=bimorphic_or_optimized_type_check action=maybe_recompile pc=0x0000016095a23174 method=java.io.DataInputStream.readFully([BII)V @ 30 c2
Event: 4.396 Thread 0x00000160bcbd2130 DEOPT PACKING pc=0x0000016095a23174 sp=0x0000002343bfe270
Event: 4.396 Thread 0x00000160bcbd2130 DEOPT UNPACKING pc=0x00000160950e46a2 sp=0x0000002343bfe258 mode 2
Event: 4.397 Thread 0x00000160bca89ed0 Uncommon trap: trap_request=0xffffff45 fr.pc=0x000001609599833c relative=0x000000000000041c
Event: 4.397 Thread 0x00000160bca89ed0 Uncommon trap: reason=unstable_if action=reinterpret pc=0x000001609599833c method=jdk.internal.org.objectweb.asm.MethodWriter.visitFieldInsn(ILjava/lang/String;Ljava/lang/String;Ljava/lang/String;)V @ 223 c2
Event: 4.397 Thread 0x00000160bca89ed0 DEOPT PACKING pc=0x000001609599833c sp=0x00000023437f7cd0
Event: 4.397 Thread 0x00000160bca89ed0 DEOPT UNPACKING pc=0x00000160950e46a2 sp=0x00000023437f7c50 mode 2
Event: 4.488 Thread 0x00000160bca89ed0 Uncommon trap: trap_request=0xffffff45 fr.pc=0x00000160959ef8f4 relative=0x00000000000016f4
Event: 4.488 Thread 0x00000160bca89ed0 Uncommon trap: reason=unstable_if action=reinterpret pc=0x00000160959ef8f4 method=sun.nio.fs.WindowsPathParser.isSlash(C)Z @ 9 c2
Event: 4.488 Thread 0x00000160bca89ed0 DEOPT PACKING pc=0x00000160959ef8f4 sp=0x00000023437f6600
Event: 4.488 Thread 0x00000160bca89ed0 DEOPT UNPACKING pc=0x00000160950e46a2 sp=0x00000023437f6590 mode 2
Event: 4.488 Thread 0x00000160bca89ed0 Uncommon trap: trap_request=0xffffff45 fr.pc=0x000001609580036c relative=0x000000000000004c
Event: 4.488 Thread 0x00000160bca89ed0 Uncommon trap: reason=unstable_if action=reinterpret pc=0x000001609580036c method=sun.nio.fs.WindowsPathParser.isSlash(C)Z @ 9 c2
Event: 4.488 Thread 0x00000160bca89ed0 DEOPT PACKING pc=0x000001609580036c sp=0x00000023437f6600
Event: 4.488 Thread 0x00000160bca89ed0 DEOPT UNPACKING pc=0x00000160950e46a2 sp=0x00000023437f6588 mode 2
Event: 4.494 Thread 0x00000160bca89ed0 Uncommon trap: trap_request=0xffffffc6 fr.pc=0x00000160959b3d30 relative=0x00000000000037d0
Event: 4.494 Thread 0x00000160bca89ed0 Uncommon trap: reason=bimorphic_or_optimized_type_check action=maybe_recompile pc=0x00000160959b3d30 method=java.net.URL.<init>(Ljava/net/URL;Ljava/lang/String;Ljava/net/URLStreamHandler;)V @ 504 c2
Event: 4.494 Thread 0x00000160bca89ed0 DEOPT PACKING pc=0x00000160959b3d30 sp=0x00000023437f6030
Event: 4.494 Thread 0x00000160bca89ed0 DEOPT UNPACKING pc=0x00000160950e46a2 sp=0x00000023437f5fb0 mode 2

Classes loaded (20 events):
Event: 4.552 Loading class jdk/internal/jrtfs/SystemImage$1
Event: 4.552 Loading class jdk/internal/jrtfs/SystemImage$1 done
Event: 4.553 Loading class jdk/internal/jimage/ImageReader$SharedImageReader$LocationVisitor
Event: 4.553 Loading class jdk/internal/jimage/ImageReader$SharedImageReader$LocationVisitor done
Event: 4.553 Loading class java/nio/ByteBufferAsIntBufferL
Event: 4.553 Loading class java/nio/ByteBufferAsIntBufferL done
Event: 4.554 Loading class jdk/internal/jrtfs/JrtFileAttributes
Event: 4.554 Loading class jdk/internal/jrtfs/JrtFileAttributes done
Event: 4.555 Loading class jdk/internal/jrtfs/JrtDirectoryStream
Event: 4.555 Loading class jdk/internal/jrtfs/JrtDirectoryStream done
Event: 4.555 Loading class jdk/internal/jrtfs/JrtDirectoryStream$1
Event: 4.555 Loading class jdk/internal/jrtfs/JrtDirectoryStream$1 done
Event: 4.556 Loading class java/util/function/BooleanSupplier
Event: 4.556 Loading class java/util/function/BooleanSupplier done
Event: 4.556 Loading class jdk/internal/jimage/ImageReader$Resource
Event: 4.556 Loading class jdk/internal/jimage/ImageReader$Resource done
Event: 4.608 Loading class java/util/WeakHashMap$KeyIterator
Event: 4.608 Loading class java/util/WeakHashMap$HashIterator
Event: 4.608 Loading class java/util/WeakHashMap$HashIterator done
Event: 4.608 Loading class java/util/WeakHashMap$KeyIterator done

Classes unloaded (0 events):
No events

Classes redefined (0 events):
No events

Internal exceptions (20 events):
Event: 4.329 Thread 0x00000160bca89ed0 Exception <a 'java/lang/IncompatibleClassChangeError'{0x00000000efdb60d8}: Found class java.lang.Object, but interface was expected> (0x00000000efdb60d8) 
thrown [s\open\src\hotspot\share\interpreter\linkResolver.cpp, line 840]
Event: 4.332 Thread 0x00000160bca89ed0 Exception <a 'java/lang/ClassNotFoundException'{0x00000000efdd6898}: groovy/lang/MetaClassImplCustomizer> (0x00000000efdd6898) 
thrown [s\open\src\hotspot\share\classfile\systemDictionary.cpp, line 312]
Event: 4.334 Thread 0x00000160bca89ed0 Exception <a 'java/lang/ClassNotFoundException'{0x00000000efc01200}: groovy/lang/ExpandoMetaClassCustomizer> (0x00000000efc01200) 
thrown [s\open\src\hotspot\share\classfile\systemDictionary.cpp, line 312]
Event: 4.345 Thread 0x00000160bca89ed0 Exception <a 'java/lang/ClassNotFoundException'{0x00000000efc8d8c0}: org/gradle/internal/extensibility/DefaultExtraPropertiesExtensionBeanInfo> (0x00000000efc8d8c0) 
thrown [s\open\src\hotspot\share\classfile\systemDictionary.cpp, line 312]
Event: 4.345 Thread 0x00000160bca89ed0 Exception <a 'java/lang/ClassNotFoundException'{0x00000000efc96748}: groovy/lang/GroovyObjectSupportBeanInfo> (0x00000000efc96748) 
thrown [s\open\src\hotspot\share\classfile\systemDictionary.cpp, line 312]
Event: 4.345 Thread 0x00000160bca89ed0 Exception <a 'java/lang/ClassNotFoundException'{0x00000000efc9f5d8}: groovy/lang/GroovyObjectSupportCustomizer> (0x00000000efc9f5d8) 
thrown [s\open\src\hotspot\share\classfile\systemDictionary.cpp, line 312]
Event: 4.347 Thread 0x00000160bca89ed0 Exception <a 'java/lang/ClassNotFoundException'{0x00000000efcba288}: org/gradle/internal/extensibility/DefaultExtraPropertiesExtensionCustomizer> (0x00000000efcba288) 
thrown [s\open\src\hotspot\share\classfile\systemDictionary.cpp, line 312]
Event: 4.349 Thread 0x00000160bca89ed0 Exception <a 'java/lang/IncompatibleClassChangeError'{0x00000000efcd7458}: Found class java.lang.Object, but interface was expected> (0x00000000efcd7458) 
thrown [s\open\src\hotspot\share\interpreter\linkResolver.cpp, line 840]
Event: 4.359 Thread 0x00000160bca89ed0 Exception <a 'sun/nio/fs/WindowsException'{0x00000000efb95a08}> (0x00000000efb95a08) 
thrown [s\open\src\hotspot\share\prims\jni.cpp, line 520]
Event: 4.360 Thread 0x00000160bca89ed0 Exception <a 'sun/nio/fs/WindowsException'{0x00000000efb97840}> (0x00000000efb97840) 
thrown [s\open\src\hotspot\share\prims\jni.cpp, line 520]
Event: 4.360 Thread 0x00000160bca89ed0 Exception <a 'sun/nio/fs/WindowsException'{0x00000000efb98d10}> (0x00000000efb98d10) 
thrown [s\open\src\hotspot\share\prims\jni.cpp, line 520]
Event: 4.361 Thread 0x00000160bca89ed0 Exception <a 'sun/nio/fs/WindowsException'{0x00000000efb99e08}> (0x00000000efb99e08) 
thrown [s\open\src\hotspot\share\prims\jni.cpp, line 520]
Event: 4.379 Thread 0x00000160bca89ed0 Exception <a 'java/lang/IncompatibleClassChangeError'{0x00000000ef919bf0}: Found class java.lang.Object, but interface was expected> (0x00000000ef919bf0) 
thrown [s\open\src\hotspot\share\interpreter\linkResolver.cpp, line 840]
Event: 4.397 Thread 0x00000160bca89ed0 Exception <a 'java/lang/NoSuchMethodError'{0x00000000ef86bc38}: 'java.lang.Object java.lang.invoke.DirectMethodHandle$Holder.newInvokeSpecial(java.lang.Object, java.lang.Object, long)'> (0x00000000ef86bc38) 
thrown [s\open\src\hotspot\share\interpreter\linkResolver.cpp, line 773]
Event: 4.398 Thread 0x00000160bca89ed0 Exception <a 'java/lang/NoSuchMethodError'{0x00000000ef870230}: 'java.lang.Object java.lang.invoke.Invokers$Holder.linkToTargetMethod(java.lang.Object, long, java.lang.Object)'> (0x00000000ef870230) 
thrown [s\open\src\hotspot\share\interpreter\linkResolver.cpp, line 773]
Event: 4.418 Thread 0x00000160bca89ed0 Exception <a 'java/lang/NoSuchMethodError'{0x00000000ef7b2b70}: 'int java.lang.invoke.DirectMethodHandle$Holder.invokeInterface(java.lang.Object, java.lang.Object)'> (0x00000000ef7b2b70) 
thrown [s\open\src\hotspot\share\interpreter\linkResolver.cpp, line 773]
Event: 4.431 Thread 0x00000160bca89ed0 Exception <a 'java/lang/IncompatibleClassChangeError'{0x00000000ef68c688}: Found class java.lang.Object, but interface was expected> (0x00000000ef68c688) 
thrown [s\open\src\hotspot\share\interpreter\linkResolver.cpp, line 840]
Event: 4.435 Thread 0x00000160bca89ed0 Exception <a 'java/lang/NoSuchMethodError'{0x00000000ef6df6a8}: 'void java.lang.invoke.DirectMethodHandle$Holder.invokeStatic(java.lang.Object, java.lang.Object, java.lang.Object, java.lang.Object, java.lang.Object, java.lang.Object)'> (0x00000000ef6df6a8) 
thrown [s\open\src\hotspot\share\interpreter\linkResolver.cpp, line 773]
Event: 4.447 Thread 0x00000160bca89ed0 Exception <a 'java/lang/NoSuchMethodError'{0x00000000ef59d828}: 'void java.lang.invoke.DirectMethodHandle$Holder.invokeVirtual(java.lang.Object, java.lang.Object)'> (0x00000000ef59d828) 
thrown [s\open\src\hotspot\share\interpreter\linkResolver.cpp, line 773]
Event: 4.636 Thread 0x00000160bca89ed0 Exception <a 'java/lang/NoSuchMethodError'{0x00000000eda07680}: 'void java.lang.invoke.Invokers$Holder.invokeExact_MT(java.lang.Object, java.lang.Object, java.lang.Object, java.lang.Object)'> (0x00000000eda07680) 
thrown [s\open\src\hotspot\share\interpreter\linkResolver.cpp, line 773]

ZGC Phase Switch (0 events):
No events

VM Operations (20 events):
Event: 4.282 Executing VM operation: G1PauseCleanup
Event: 4.282 Executing VM operation: G1PauseCleanup done
Event: 4.291 Executing VM operation: HandshakeAllThreads (Deoptimize)
Event: 4.291 Executing VM operation: HandshakeAllThreads (Deoptimize) done
Event: 4.359 Executing VM operation: HandshakeAllThreads (Deoptimize)
Event: 4.359 Executing VM operation: HandshakeAllThreads (Deoptimize) done
Event: 4.382 Executing VM operation: HandshakeAllThreads (Deoptimize)
Event: 4.382 Executing VM operation: HandshakeAllThreads (Deoptimize) done
Event: 4.395 Executing VM operation: HandshakeAllThreads (Deoptimize)
Event: 4.396 Executing VM operation: HandshakeAllThreads (Deoptimize) done
Event: 4.491 Executing VM operation: HandshakeAllThreads (Deoptimize)
Event: 4.491 Executing VM operation: HandshakeAllThreads (Deoptimize) done
Event: 4.494 Executing VM operation: HandshakeAllThreads (Deoptimize)
Event: 4.494 Executing VM operation: HandshakeAllThreads (Deoptimize) done
Event: 4.495 Executing VM operation: HandshakeAllThreads (Deoptimize)
Event: 4.495 Executing VM operation: HandshakeAllThreads (Deoptimize) done
Event: 4.499 Executing VM operation: HandshakeAllThreads (Deoptimize)
Event: 4.499 Executing VM operation: HandshakeAllThreads (Deoptimize) done
Event: 4.554 Executing VM operation: HandshakeAllThreads (Deoptimize)
Event: 4.554 Executing VM operation: HandshakeAllThreads (Deoptimize) done

Events (20 events):
Event: 4.279 Thread 0x00000160a15f0b50 flushing nmethod 0x000001609581d090
Event: 4.279 Thread 0x00000160a15f0b50 flushing nmethod 0x000001609580e990
Event: 4.279 Thread 0x00000160a15f0b50 flushing nmethod 0x000001609581fe90
Event: 4.279 Thread 0x00000160a15f0b50 flushing nmethod 0x0000016095826d90
Event: 4.279 Thread 0x00000160a15f0b50 flushing nmethod 0x000001609581c410
Event: 4.279 Thread 0x00000160a15f0b50 flushing nmethod 0x000001609581e890
Event: 4.279 Thread 0x00000160a15f0b50 flushing nmethod 0x0000016095804990
Event: 4.279 Thread 0x00000160a15f0b50 flushing nmethod 0x0000016095826190
Event: 4.279 Thread 0x00000160a15f0b50 flushing nmethod 0x0000016095803c90
Event: 4.279 Thread 0x00000160a15f0b50 flushing nmethod 0x000001609580ba90
Event: 4.279 Thread 0x00000160a15f0b50 flushing nmethod 0x000001609581ab90
Event: 4.279 Thread 0x00000160a15f0b50 flushing nmethod 0x0000016095801f10
Event: 4.279 Thread 0x00000160a15f0b50 flushing nmethod 0x000001609580a610
Event: 4.279 Thread 0x00000160a15f0b50 flushing nmethod 0x00000160957fba10
Event: 4.279 Thread 0x00000160a15f0b50 flushing nmethod 0x0000016095809c10
Event: 4.279 Thread 0x00000160a15f0b50 flushing nmethod 0x00000160957fd690
Event: 4.279 Thread 0x00000160a15f0b50 flushing nmethod 0x00000160957fd110
Event: 4.279 Thread 0x00000160a15f0b50 flushing nmethod 0x00000160957fcd10
Event: 4.605 Thread 0x00000160a1980c20 Thread added: 0x00000160a1980c20
Event: 4.609 Thread 0x00000160bda0c250 Thread added: 0x00000160bda0c250


Dynamic libraries:
0x00007ff60e360000 - 0x00007ff60e370000 	C:\Program Files\Java\jdk-21\bin\java.exe
0x00007ff8b7150000 - 0x00007ff8b7348000 	C:\WINDOWS\SYSTEM32\ntdll.dll
0x00007ff8b6f90000 - 0x00007ff8b7052000 	C:\WINDOWS\System32\KERNEL32.DLL
0x00007ff8b4cc0000 - 0x00007ff8b4fb6000 	C:\WINDOWS\System32\KERNELBASE.dll
0x00007ff8b47e0000 - 0x00007ff8b48e0000 	C:\WINDOWS\System32\ucrtbase.dll
0x00007ff8ae5a0000 - 0x00007ff8ae5b9000 	C:\Program Files\Java\jdk-21\bin\jli.dll
0x00007ff8ae580000 - 0x00007ff8ae59b000 	C:\Program Files\Java\jdk-21\bin\VCRUNTIME140.dll
0x00007ff8b5af0000 - 0x00007ff8b5ba1000 	C:\WINDOWS\System32\ADVAPI32.dll
0x00007ff8b6e80000 - 0x00007ff8b6f1e000 	C:\WINDOWS\System32\msvcrt.dll
0x00007ff8b5bb0000 - 0x00007ff8b5c4f000 	C:\WINDOWS\System32\sechost.dll
0x00007ff8b64a0000 - 0x00007ff8b65c0000 	C:\WINDOWS\System32\RPCRT4.dll
0x00007ff8b48e0000 - 0x00007ff8b4907000 	C:\WINDOWS\System32\bcrypt.dll
0x00007ff8b51d0000 - 0x00007ff8b5371000 	C:\WINDOWS\System32\USER32.dll
0x00007ff8b4910000 - 0x00007ff8b4932000 	C:\WINDOWS\System32\win32u.dll
0x00007ff8b6b00000 - 0x00007ff8b6b2b000 	C:\WINDOWS\System32\GDI32.dll
0x00007ff8a17a0000 - 0x00007ff8a1a3b000 	C:\WINDOWS\WinSxS\amd64_microsoft.windows.common-controls_6595b64144ccf1df_6.0.19041.6456_none_60b8a6cb71f64256\COMCTL32.dll
0x00007ff8b4ba0000 - 0x00007ff8b4cb9000 	C:\WINDOWS\System32\gdi32full.dll
0x00007ff8b5050000 - 0x00007ff8b50ed000 	C:\WINDOWS\System32\msvcp_win.dll
0x00007ff8a8510000 - 0x00007ff8a851a000 	C:\WINDOWS\SYSTEM32\VERSION.dll
0x00007ff8b6650000 - 0x00007ff8b667f000 	C:\WINDOWS\System32\IMM32.DLL
0x00007ff8ae570000 - 0x00007ff8ae57c000 	C:\Program Files\Java\jdk-21\bin\vcruntime140_1.dll
0x00007ff8909f0000 - 0x00007ff890a7e000 	C:\Program Files\Java\jdk-21\bin\msvcp140.dll
0x00007ff84bd60000 - 0x00007ff84ca77000 	C:\Program Files\Java\jdk-21\bin\server\jvm.dll
0x00007ff8b6f20000 - 0x00007ff8b6f8b000 	C:\WINDOWS\System32\WS2_32.dll
0x00007ff8b4230000 - 0x00007ff8b427b000 	C:\WINDOWS\SYSTEM32\POWRPROF.dll
0x00007ff8a84e0000 - 0x00007ff8a8507000 	C:\WINDOWS\SYSTEM32\WINMM.dll
0x00007ff8b41d0000 - 0x00007ff8b41e2000 	C:\WINDOWS\SYSTEM32\UMPDC.dll
0x00007ff8b27f0000 - 0x00007ff8b2802000 	C:\WINDOWS\SYSTEM32\kernel.appcore.dll
0x00007ff8ae560000 - 0x00007ff8ae56a000 	C:\Program Files\Java\jdk-21\bin\jimage.dll
0x00007ff8b2170000 - 0x00007ff8b2371000 	C:\WINDOWS\SYSTEM32\DBGHELP.DLL
0x00007ff89fef0000 - 0x00007ff89ff24000 	C:\WINDOWS\SYSTEM32\dbgcore.DLL
0x00007ff8b4fc0000 - 0x00007ff8b5042000 	C:\WINDOWS\System32\bcryptPrimitives.dll
0x00007ff8a4ea0000 - 0x00007ff8a4eaf000 	C:\Program Files\Java\jdk-21\bin\instrument.dll
0x00007ff8ae540000 - 0x00007ff8ae55f000 	C:\Program Files\Java\jdk-21\bin\java.dll
0x00007ff8b5380000 - 0x00007ff8b5af0000 	C:\WINDOWS\System32\SHELL32.dll
0x00007ff8b2810000 - 0x00007ff8b2fb5000 	C:\WINDOWS\SYSTEM32\windows.storage.dll
0x00007ff8b5fc0000 - 0x00007ff8b6314000 	C:\WINDOWS\System32\combase.dll
0x00007ff8b4050000 - 0x00007ff8b407b000 	C:\WINDOWS\SYSTEM32\Wldp.dll
0x00007ff8b63d0000 - 0x00007ff8b649d000 	C:\WINDOWS\System32\OLEAUT32.dll
0x00007ff8b6320000 - 0x00007ff8b63cd000 	C:\WINDOWS\System32\SHCORE.dll
0x00007ff8b5c70000 - 0x00007ff8b5ccb000 	C:\WINDOWS\System32\shlwapi.dll
0x00007ff8b4710000 - 0x00007ff8b4734000 	C:\WINDOWS\SYSTEM32\profapi.dll
0x00007ff878760000 - 0x00007ff878837000 	C:\Program Files\Java\jdk-21\bin\jsvml.dll
0x00007ff8ac3a0000 - 0x00007ff8ac3b8000 	C:\Program Files\Java\jdk-21\bin\zip.dll
0x00007ff8ae530000 - 0x00007ff8ae540000 	C:\Program Files\Java\jdk-21\bin\net.dll
0x00007ff8afd30000 - 0x00007ff8afe3a000 	C:\WINDOWS\SYSTEM32\WINHTTP.dll
0x00007ff8b3e30000 - 0x00007ff8b3e9a000 	C:\WINDOWS\system32\mswsock.dll
0x00007ff8ada50000 - 0x00007ff8ada66000 	C:\Program Files\Java\jdk-21\bin\nio.dll
0x00007ff8ac550000 - 0x00007ff8ac560000 	C:\Program Files\Java\jdk-21\bin\verify.dll
0x00007ff89d970000 - 0x00007ff89d997000 	C:\Users\tedtid\.gradle\native\660c5614fbf4a5f2a75b1949f50a0caf5cd603558e7d8a26e50b933a0cfb79d1\windows-amd64\native-platform.dll
0x00007ff883230000 - 0x00007ff8832a7000 	C:\Users\tedtid\.gradle\native\0.2.8\x86_64-windows-gnu\gradle-fileevents.dll
0x00007ff8ac320000 - 0x00007ff8ac32a000 	C:\Program Files\Java\jdk-21\bin\management.dll
0x00007ff8ab510000 - 0x00007ff8ab51b000 	C:\Program Files\Java\jdk-21\bin\management_ext.dll
0x00007ff8b6640000 - 0x00007ff8b6648000 	C:\WINDOWS\System32\PSAPI.DLL
0x00007ff8b3b30000 - 0x00007ff8b3b6b000 	C:\WINDOWS\SYSTEM32\IPHLPAPI.DLL
0x00007ff8b6b30000 - 0x00007ff8b6b38000 	C:\WINDOWS\System32\NSI.dll
0x00007ff8ab500000 - 0x00007ff8ab509000 	C:\Program Files\Java\jdk-21\bin\extnet.dll
0x00007ff8b4090000 - 0x00007ff8b40a8000 	C:\WINDOWS\SYSTEM32\CRYPTSP.dll
0x00007ff8b3770000 - 0x00007ff8b37a8000 	C:\WINDOWS\system32\rsaenh.dll
0x00007ff8b46d0000 - 0x00007ff8b46fe000 	C:\WINDOWS\SYSTEM32\USERENV.dll
0x00007ff8b3fc0000 - 0x00007ff8b3fcc000 	C:\WINDOWS\SYSTEM32\CRYPTBASE.dll
0x00007ff8a4e90000 - 0x00007ff8a4e9e000 	C:\Program Files\Java\jdk-21\bin\sunmscapi.dll
0x00007ff8b4a40000 - 0x00007ff8b4b9d000 	C:\WINDOWS\System32\CRYPT32.dll
0x00007ff8b4280000 - 0x00007ff8b42a7000 	C:\WINDOWS\SYSTEM32\ncrypt.dll
0x00007ff8b41f0000 - 0x00007ff8b422b000 	C:\WINDOWS\SYSTEM32\NTASN1.dll
0x00007ff82ac80000 - 0x00007ff82ac87000 	C:\WINDOWS\system32\wshunix.dll

dbghelp: loaded successfully - version: 4.0.5 - missing functions: none
symbol engine: initialized successfully - sym options: 0x614 - pdb path: .;C:\Program Files\Java\jdk-21\bin;C:\WINDOWS\SYSTEM32;C:\WINDOWS\WinSxS\amd64_microsoft.windows.common-controls_6595b64144ccf1df_6.0.19041.6456_none_60b8a6cb71f64256;C:\Program Files\Java\jdk-21\bin\server;C:\Users\tedtid\.gradle\native\660c5614fbf4a5f2a75b1949f50a0caf5cd603558e7d8a26e50b933a0cfb79d1\windows-amd64;C:\Users\tedtid\.gradle\native\0.2.8\x86_64-windows-gnu

VM Arguments:
jvm_args: --add-opens=java.base/java.lang=ALL-UNNAMED --add-opens=java.base/java.lang.invoke=ALL-UNNAMED --add-opens=java.base/java.util=ALL-UNNAMED --add-opens=java.prefs/java.util.prefs=ALL-UNNAMED --add-exports=jdk.compiler/com.sun.tools.javac.api=ALL-UNNAMED --add-exports=jdk.compiler/com.sun.tools.javac.util=ALL-UNNAMED --add-opens=java.base/java.util=ALL-UNNAMED --add-opens=java.prefs/java.util.prefs=ALL-UNNAMED --add-opens=java.base/java.nio.charset=ALL-UNNAMED --add-opens=java.base/java.net=ALL-UNNAMED --add-opens=java.base/java.util.concurrent=ALL-UNNAMED --add-opens=java.base/java.util.concurrent.atomic=ALL-UNNAMED --add-opens=java.xml/javax.xml.namespace=ALL-UNNAMED --add-opens=java.base/java.time=ALL-UNNAMED -XX:MaxMetaspaceSize=384m -XX:+HeapDumpOnOutOfMemoryError -Xms256m -Xmx512m -Dfile.encoding=UTF-8 -Duser.country=KR -Duser.language=ko -Duser.variant -javaagent:C:\Users\tedtid\.gradle\wrapper\dists\gradle-9.2.1-bin\2t0n5ozlw9xmuyvbp7dnzaxug\gradle-9.2.1\lib\agents\gradle-instrumentation-agent-9.2.1.jar 
java_command: org.gradle.launcher.daemon.bootstrap.GradleDaemon 9.2.1
java_class_path (initial): C:\Users\tedtid\.gradle\wrapper\dists\gradle-9.2.1-bin\2t0n5ozlw9xmuyvbp7dnzaxug\gradle-9.2.1\lib\gradle-daemon-main-9.2.1.jar
Launcher Type: SUN_STANDARD

[Global flags]
     intx CICompilerCount                          = 12                                        {product} {ergonomic}
   size_t CompressedClassSpaceSize                 = 335544320                                 {product} {ergonomic}
     uint ConcGCThreads                            = 3                                         {product} {ergonomic}
     uint G1ConcRefinementThreads                  = 13                                        {product} {ergonomic}
   size_t G1HeapRegionSize                         = 1048576                                   {product} {ergonomic}
    uintx GCDrainStackTargetSize                   = 64                                        {product} {ergonomic}
     bool HeapDumpOnOutOfMemoryError               = true                                   {manageable} {command line}
   size_t InitialHeapSize                          = 268435456                                 {product} {command line}
   size_t MarkStackSize                            = 4194304                                   {product} {ergonomic}
   size_t MaxHeapSize                              = 536870912                                 {product} {command line}
   size_t MaxMetaspaceSize                         = 402653184                                 {product} {command line}
   size_t MaxNewSize                               = 321912832                                 {product} {ergonomic}
   size_t MinHeapDeltaBytes                        = 1048576                                   {product} {ergonomic}
   size_t MinHeapSize                              = 268435456                                 {product} {command line}
    uintx NonNMethodCodeHeapSize                   = 7602480                                {pd product} {ergonomic}
    uintx NonProfiledCodeHeapSize                  = 122027880                              {pd product} {ergonomic}
    uintx ProfiledCodeHeapSize                     = 122027880                              {pd product} {ergonomic}
    uintx ReservedCodeCacheSize                    = 251658240                              {pd product} {ergonomic}
     bool SegmentedCodeCache                       = true                                      {product} {ergonomic}
   size_t SoftMaxHeapSize                          = 536870912                              {manageable} {ergonomic}
     bool UseCompressedOops                        = true                           {product lp64_product} {ergonomic}
     bool UseG1GC                                  = true                                      {product} {ergonomic}
     bool UseLargePagesIndividualAllocation        = false                                  {pd product} {ergonomic}

Logging:
Log output configuration:
 #0: stdout all=warning uptime,level,tags foldmultilines=false
 #1: stderr all=off uptime,level,tags foldmultilines=false

Environment Variables:
PATH=D:\app\tedtid\product\12.1.0\dbhome_1\bin;C:\Program Files\Common Files\Oracle\Java\javapath;C:\Program Files (x86)\Common Files\Oracle\Java\javapath;C:\Program Files\Microsoft MPI\Bin\;C:\Program Files (x86)\VMware\VMware Workstation\bin\;C:\WINDOWS\system32;C:\WINDOWS;C:\WINDOWS\System32\Wbem;C:\WINDOWS\System32\WindowsPowerShell\v1.0\;C:\WINDOWS\System32\OpenSSH\;C:\Program Files\Microsoft SQL Server\130\Tools\Binn\;C:\Program Files\Microsoft SQL Server\Client SDK\ODBC\170\Tools\Binn\;C:\Program Files (x86)\Microsoft SQL Server\150\Tools\Binn\;C:\Program Files\Microsoft SQL Server\150\Tools\Binn\;C:\Program Files\Microsoft SQL Server\150\DTS\Binn\;C:\Program Files\Azure Data Studio\bin;C:\Program Files\Java\jdk-21\bin;C:\Program Files\Git\cmd;C:\Program Files\Docker\Docker\resources\bin;D:\Program Files (x86)\putty\;D:\Program Files (x86)\nodejs\;C:\Users\tedtid\AppData\Local\Microsoft\WindowsApps;C:\Users\tedtid\AppData\Local\Programs\Microsoft VS Code\bin;C:\Users\tedtid\AppData\Local\SOOP;D:\Program Files (x86)\cursor\resources\app\bin;C:\Users\tedtid\AppData\Roaming\npm;C:\Users\tedtid\AppData\Roaming\TinyTeX\bin\windows;C:\Program Files\Apache\apache-maven-3.9.11-bin\apache-maven-3.9.11\bin;
USERNAME=tedtid
OS=Windows_NT
PROCESSOR_IDENTIFIER=AMD64 Family 23 Model 96 Stepping 1, AuthenticAMD
TMP=C:\Users\tedtid\AppData\Local\Temp
TEMP=C:\Users\tedtid\AppData\Local\Temp




Periodic native trim disabled

---------------  S Y S T E M  ---------------

OS:
 Windows 10 , 64 bit Build 19041 (10.0.19041.5915)
OS uptime: 0 days 11:38 hours
Hyper-V role detected

CPU: total 16 (initial active 16) (16 cores per cpu, 2 threads per core) family 23 model 96 stepping 1 microcode 0x0, cx8, cmov, fxsr, ht, mmx, 3dnowpref, sse, sse2, sse3, ssse3, sse4a, sse4.1, sse4.2, popcnt, lzcnt, tsc, tscinvbit, avx, avx2, aes, clmul, bmi1, bmi2, adx, sha, fma, vzeroupper, clflush, clflushopt, hv, rdtscp, rdpid, f16c
Processor Information for all 16 processors :
  Max Mhz: 1700, Current Mhz: 1700, Mhz Limit: 1700

Memory: 4k page, system-wide physical 15591M (2844M free)
TotalPageFile size 19687M (AvailPageFile size 5M)
current process WorkingSet (physical memory assigned to process): 363M, peak: 363M
current process commit charge ("private bytes"): 497M, peak: 497M

vm_info: Java HotSpot(TM) 64-Bit Server VM (21.0.2+13-LTS-58) for windows-amd64 JRE (21.0.2+13-LTS-58), built on 2024-01-05T18:32:24Z by "mach5one" with MS VC++ 17.1 (VS2022)

END.
